22:40:38.735 [background-preinit] INFO  o.h.v.i.util.Version - [<clinit>,21] - HV000001: Hibernate Validator 6.2.5.Final
22:40:38.736 [restartedMain] INFO  c.n.a.RuoYiApplication - [logStarting,55] - Starting RuoYiApplication using Java 22.0.1 on shuaipideMacBook-Air.local with PID 45226 (/Users/shuaipi/CLionProjects/web_server/web-server/niuma-admin/target/classes started by shuaipi in /Users/shuaipi/CLionProjects/web_server/web-server/niuma-admin)
22:40:38.736 [restartedMain] INFO  c.n.a.RuoYiApplication - [logStartupProfileInfo,686] - The following 1 profile is active: "druid"
22:40:39.625 [restartedMain] INFO  o.a.c.h.Http11NioProtocol - [log,173] - Initializing ProtocolHandler ["http-nio-18080"]
22:40:39.625 [restartedMain] INFO  o.a.c.c.StandardService - [log,173] - Starting service [Tomcat]
22:40:39.625 [restartedMain] INFO  o.a.c.c.StandardEngine - [log,173] - Starting Servlet engine: [Apache Tomcat/9.0.75]
22:40:39.653 [restartedMain] INFO  o.a.c.c.C.[.[.[/] - [log,173] - Initializing Spring embedded WebApplicationContext
22:40:40.382 [restartedMain] INFO  c.a.d.p.DruidDataSource - [init,1002] - {dataSource-1} inited
22:40:51.272 [restartedMain] INFO  c.a.d.p.DruidDataSource - [close,2204] - {dataSource-1} closing ...
22:40:51.278 [restartedMain] INFO  c.a.d.p.DruidDataSource - [close,2277] - {dataSource-1} closed
22:40:51.391 [restartedMain] INFO  o.a.c.c.StandardService - [log,173] - Stopping service [Tomcat]
22:42:09.408 [restartedMain] INFO  c.n.a.RuoYiApplication - [logStarting,55] - Starting RuoYiApplication using Java 22.0.1 on shuaipideMacBook-Air.local with PID 45845 (/Users/shuaipi/CLionProjects/web_server/web-server/niuma-admin/target/classes started by shuaipi in /Users/shuaipi/CLionProjects/web_server/web-server/niuma-admin)
22:42:09.409 [background-preinit] INFO  o.h.v.i.util.Version - [<clinit>,21] - HV000001: Hibernate Validator 6.2.5.Final
22:42:09.409 [restartedMain] INFO  c.n.a.RuoYiApplication - [logStartupProfileInfo,686] - The following 1 profile is active: "druid"
22:42:10.308 [restartedMain] INFO  o.a.c.h.Http11NioProtocol - [log,173] - Initializing ProtocolHandler ["http-nio-18080"]
22:42:10.308 [restartedMain] INFO  o.a.c.c.StandardService - [log,173] - Starting service [Tomcat]
22:42:10.308 [restartedMain] INFO  o.a.c.c.StandardEngine - [log,173] - Starting Servlet engine: [Apache Tomcat/9.0.75]
22:42:10.337 [restartedMain] INFO  o.a.c.c.C.[.[.[/] - [log,173] - Initializing Spring embedded WebApplicationContext
22:42:11.045 [restartedMain] INFO  c.a.d.p.DruidDataSource - [init,1002] - {dataSource-1} inited
22:42:57.028 [restartedMain] INFO  c.n.a.s.i.RiskServiceImpl - [initRuleConfigFromRedis,105] - [风控] 规则配置已从Redis加载
22:43:14.462 [restartedMain] INFO  c.n.a.g.GrayReleaseService - [init,63] - [灰度] 初始化完成, 注册策略: [CHANNEL, PERCENT, USER_LIST, DEVICE_LEVEL, REGION]
22:43:14.496 [restartedMain] INFO  o.q.i.StdSchedulerFactory - [instantiate,1220] - Using default implementation for ThreadExecutor
22:43:14.501 [restartedMain] INFO  o.q.c.SchedulerSignalerImpl - [<init>,61] - Initialized Scheduler Signaller of type: class org.quartz.core.SchedulerSignalerImpl
22:43:14.501 [restartedMain] INFO  o.q.c.QuartzScheduler - [<init>,229] - Quartz Scheduler v.2.3.2 created.
22:43:14.501 [restartedMain] INFO  o.q.s.RAMJobStore - [initialize,155] - RAMJobStore initialized.
22:43:14.501 [restartedMain] INFO  o.q.c.QuartzScheduler - [initialize,294] - Scheduler meta-data: Quartz Scheduler (v2.3.2) 'quartzScheduler' with instanceId 'NON_CLUSTERED'
  Scheduler class: 'org.quartz.core.QuartzScheduler' - running locally.
  NOT STARTED.
  Currently in standby mode.
  Number of jobs executed: 0
  Using thread pool 'org.quartz.simpl.SimpleThreadPool' - with 10 threads.
  Using job-store 'org.quartz.simpl.RAMJobStore' - which does not support persistence. and is not clustered.

22:43:14.501 [restartedMain] INFO  o.q.i.StdSchedulerFactory - [instantiate,1374] - Quartz scheduler 'quartzScheduler' initialized from an externally provided properties instance.
22:43:14.501 [restartedMain] INFO  o.q.i.StdSchedulerFactory - [instantiate,1378] - Quartz scheduler version: 2.3.2
22:43:14.502 [restartedMain] INFO  o.q.c.QuartzScheduler - [setJobFactory,2293] - JobFactory set to: org.springframework.scheduling.quartz.SpringBeanJobFactory@3f198de6
22:43:15.220 [restartedMain] INFO  o.a.c.h.Http11NioProtocol - [log,173] - Starting ProtocolHandler ["http-nio-18080"]
22:43:52.411 [http-nio-18080-exec-1] INFO  o.a.c.c.C.[.[.[/] - [log,173] - Initializing Spring DispatcherServlet 'dispatcherServlet'
22:44:02.908 [restartedMain] INFO  o.q.c.QuartzScheduler - [start,547] - Scheduler quartzScheduler_$_NON_CLUSTERED started.
22:44:02.918 [restartedMain] INFO  c.n.a.RuoYiApplication - [logStarted,61] - Started RuoYiApplication in 113.641 seconds (JVM running for 113.847)
22:44:58.847 [http-nio-18080-exec-8] INFO  c.n.a.s.i.GameServiceImpl - [checkCreateYiyangWaihuzi,911] - 玩家(ID：ejE3bv3Non)创建益阳歪胡子游戏(房号：683681
22:45:12.535 [http-nio-18080-exec-9] INFO  c.n.a.s.i.GameServiceImpl - [checkCreateTaojiangMahjong,807] - 玩家(ID：ejE3bv3Non)创建桃江麻将游戏(房号：338640
22:45:20.239 [http-nio-18080-exec-8] INFO  c.n.a.a.OperLogAspect - [logOper,93] - [操作日志] {costMs=27048, method=create, ip=-, params=[CreateGameDTO@224985413], user=anonymous, class=GameController, status=SUCCESS}
22:45:32.198 [http-nio-18080-exec-9] INFO  c.n.a.a.OperLogAspect - [logOper,93] - [操作日志] {costMs=26381, method=create, ip=-, params=[CreateGameDTO@1814380876], user=anonymous, class=GameController, status=SUCCESS}
22:49:12.935 [http-nio-18080-exec-20] INFO  c.n.a.s.i.GameServiceImpl - [checkCreateTaojiangMahjong,807] - 玩家(ID：ejE3bv3Non)创建桃江麻将游戏(房号：113810
22:49:37.317 [http-nio-18080-exec-20] INFO  c.n.a.a.OperLogAspect - [logOper,93] - [操作日志] {costMs=30871, method=create, ip=-, params=[CreateGameDTO@273700301], user=anonymous, class=GameController, status=SUCCESS}
22:50:15.704 [http-nio-18080-exec-25] INFO  c.n.a.s.i.GameServiceImpl - [checkCreateTaojiangMahjong,807] - 玩家(ID：ejE3bv3Non)创建桃江麻将游戏(房号：782837
22:50:29.323 [http-nio-18080-exec-26] INFO  c.n.a.s.i.GameServiceImpl - [checkCreateTaojiangMahjong,807] - 玩家(ID：ejE3bv3Non)创建桃江麻将游戏(房号：457931
22:50:40.233 [lettuce-eventExecutorLoop-1-6] INFO  i.l.c.p.ConnectionWatchdog - [log,171] - Reconnecting, last destination was /8.156.81.51:6379
22:50:50.221 [lettuce-eventExecutorLoop-1-6] INFO  i.l.c.p.ConnectionWatchdog - [log,171] - Reconnecting, last destination was 8.156.81.51/<unresolved>:6379
22:51:01.626 [lettuce-eventExecutorLoop-1-3] INFO  i.l.c.p.ConnectionWatchdog - [log,171] - Reconnecting, last destination was 8.156.81.51/<unresolved>:6379
22:51:22.425 [lettuce-eventExecutorLoop-1-1] INFO  i.l.c.p.ConnectionWatchdog - [log,171] - Reconnecting, last destination was 8.156.81.51/<unresolved>:6379
22:51:38.530 [http-nio-18080-exec-26] INFO  c.n.a.a.OperLogAspect - [logOper,93] - [操作日志] {costMs=79053, method=create, ip=-, params=[CreateGameDTO@314629930], user=anonymous, class=GameController, status=SUCCESS}
22:51:38.533 [http-nio-18080-exec-25] INFO  c.n.a.a.OperLogAspect - [logOper,93] - [操作日志] {costMs=93806, method=create, ip=-, params=[CreateGameDTO@1988061752], user=anonymous, class=GameController, status=SUCCESS}
22:51:49.328 [lettuce-eventExecutorLoop-1-5] INFO  i.l.c.p.ConnectionWatchdog - [log,171] - Reconnecting, last destination was 8.156.81.51/<unresolved>:6379
22:52:26.226 [lettuce-eventExecutorLoop-1-8] INFO  i.l.c.p.ConnectionWatchdog - [log,171] - Reconnecting, last destination was 8.156.81.51/<unresolved>:6379
22:53:04.427 [lettuce-eventExecutorLoop-1-2] INFO  i.l.c.p.ConnectionWatchdog - [log,171] - Reconnecting, last destination was 8.156.81.51/<unresolved>:6379
22:53:38.531 [lettuce-eventExecutorLoop-1-4] INFO  i.l.c.p.ConnectionWatchdog - [log,171] - Reconnecting, last destination was 8.156.81.51/<unresolved>:6379
22:53:47.467 [lettuce-nioEventLoop-4-3] INFO  i.l.c.p.ReconnectionHandler - [lambda$null$3,174] - Reconnected to 8.156.81.51/<unresolved>:6379
22:09:56.771 [restartedMain] INFO  c.n.a.RuoYiApplication - [logStarting,55] - Starting RuoYiApplication using Java 11.0.16 on 192.168.1.133 with PID 64772 (/Users/shuaipi/CLionProjects/web_server/web-server/niuma-admin/target/classes started by shuaipi in /Users/shuaipi/CLionProjects/web_server/web-server/niuma-admin)
22:09:56.771 [restartedMain] INFO  c.n.a.RuoYiApplication - [logStartupProfileInfo,686] - The following 1 profile is active: "druid"
22:09:57.082 [restartedMain] INFO  o.a.c.h.Http11NioProtocol - [log,173] - Initializing ProtocolHandler ["http-nio-18080"]
22:09:57.088 [restartedMain] INFO  o.a.c.c.StandardService - [log,173] - Starting service [Tomcat]
22:09:57.088 [restartedMain] INFO  o.a.c.c.StandardEngine - [log,173] - Starting Servlet engine: [Apache Tomcat/9.0.75]
22:09:57.093 [restartedMain] INFO  o.a.c.c.C.[.[.[/] - [log,173] - Initializing Spring embedded WebApplicationContext
22:09:57.428 [restartedMain] INFO  c.a.d.p.DruidDataSource - [init,1002] - {dataSource-8} inited
22:09:59.086 [restartedMain] INFO  c.n.a.s.i.RiskServiceImpl - [initRuleConfigFromRedis,105] - [风控] 规则配置已从Redis加载
22:09:59.580 [restartedMain] INFO  c.n.a.g.GrayReleaseService - [init,63] - [灰度] 初始化完成, 注册策略: [CHANNEL, PERCENT, USER_LIST, DEVICE_LEVEL, REGION]
22:09:59.596 [restartedMain] INFO  o.q.i.StdSchedulerFactory - [instantiate,1220] - Using default implementation for ThreadExecutor
22:09:59.596 [restartedMain] INFO  o.q.c.SchedulerSignalerImpl - [<init>,61] - Initialized Scheduler Signaller of type: class org.quartz.core.SchedulerSignalerImpl
22:09:59.596 [restartedMain] INFO  o.q.c.QuartzScheduler - [<init>,229] - Quartz Scheduler v.2.3.2 created.
22:09:59.596 [restartedMain] INFO  o.q.s.RAMJobStore - [initialize,155] - RAMJobStore initialized.
22:09:59.596 [restartedMain] INFO  o.q.c.QuartzScheduler - [initialize,294] - Scheduler meta-data: Quartz Scheduler (v2.3.2) 'quartzScheduler' with instanceId 'NON_CLUSTERED'
  Scheduler class: 'org.quartz.core.QuartzScheduler' - running locally.
  NOT STARTED.
  Currently in standby mode.
  Number of jobs executed: 0
  Using thread pool 'org.quartz.simpl.SimpleThreadPool' - with 10 threads.
  Using job-store 'org.quartz.simpl.RAMJobStore' - which does not support persistence. and is not clustered.

22:09:59.596 [restartedMain] INFO  o.q.i.StdSchedulerFactory - [instantiate,1374] - Quartz scheduler 'quartzScheduler' initialized from an externally provided properties instance.
22:09:59.596 [restartedMain] INFO  o.q.i.StdSchedulerFactory - [instantiate,1378] - Quartz scheduler version: 2.3.2
22:09:59.596 [restartedMain] INFO  o.q.c.QuartzScheduler - [setJobFactory,2293] - JobFactory set to: org.springframework.scheduling.quartz.SpringBeanJobFactory@7d63cd7a
22:10:00.299 [restartedMain] INFO  o.a.c.h.Http11NioProtocol - [log,173] - Starting ProtocolHandler ["http-nio-18080"]
22:10:09.849 [restartedMain] INFO  o.q.c.QuartzScheduler - [start,547] - Scheduler quartzScheduler_$_NON_CLUSTERED started.
22:10:09.869 [restartedMain] INFO  c.n.a.RuoYiApplication - [logStarted,61] - Started RuoYiApplication in 13.113 seconds (JVM running for 4298.672)
22:10:27.307 [http-nio-18080-exec-1] INFO  o.a.c.c.C.[.[.[/] - [log,173] - Initializing Spring DispatcherServlet 'dispatcherServlet'
22:13:05.225 [http-nio-18080-exec-4] INFO  c.n.a.a.OperLogAspect - [logOper,93] - [操作日志] {costMs=276, method=login, ip=-, params=[PlayerLoginDTO@152595392], error=Could not initialize class com.niuma.framework.manager.AsyncManager, user=anonymous, class=PlayerController, status=FAILED}
22:14:14.470 [http-nio-18080-exec-8] INFO  c.n.a.a.OperLogAspect - [logOper,93] - [操作日志] {costMs=262, method=login, ip=-, params=[PlayerLoginDTO@1820078108], error=Could not initialize class com.niuma.framework.manager.AsyncManager, user=anonymous, class=PlayerController, status=FAILED}
22:16:15.690 [SpringApplicationShutdownHook] INFO  o.q.c.QuartzScheduler - [standby,585] - Scheduler quartzScheduler_$_NON_CLUSTERED paused.
22:16:17.481 [SpringApplicationShutdownHook] INFO  o.q.c.QuartzScheduler - [shutdown,666] - Scheduler quartzScheduler_$_NON_CLUSTERED shutting down.
22:16:17.481 [SpringApplicationShutdownHook] INFO  o.q.c.QuartzScheduler - [standby,585] - Scheduler quartzScheduler_$_NON_CLUSTERED paused.
22:16:17.481 [SpringApplicationShutdownHook] INFO  o.q.c.QuartzScheduler - [shutdown,740] - Scheduler quartzScheduler_$_NON_CLUSTERED shutdown complete.
22:16:17.481 [SpringApplicationShutdownHook] INFO  sys-user - [shutdownAsyncManager,31] - ====关闭后台任务任务线程池====
22:16:17.775 [SpringApplicationShutdownHook] INFO  c.a.d.p.DruidDataSource - [close,2204] - {dataSource-8} closing ...
22:16:17.793 [SpringApplicationShutdownHook] INFO  c.a.d.p.DruidDataSource - [close,2277] - {dataSource-8} closed
