22:18:05.430 [restartedMain] INFO  c.n.a.RuoYiApplication - [logStarting,55] - Starting RuoYiApplication using Java 11.0.16 on shuaipideMacBook-Air.local with PID 58922 (/Users/shuaipi/CLionProjects/web_server/web-server/niuma-admin/target/classes started by shuaipi in /Users/shuaipi/CLionProjects/web_server/web-server)
22:18:05.431 [background-preinit] INFO  o.h.v.i.util.Version - [<clinit>,21] - HV000001: Hibernate Validator 6.2.5.Final
22:18:05.431 [restartedMain] INFO  c.n.a.RuoYiApplication - [logStartupProfileInfo,686] - The following 1 profile is active: "druid"
22:19:36.281 [restartedMain] INFO  c.n.a.RuoYiApplication - [logStarting,55] - Starting RuoYiApplication using Java 11.0.16 on shuaipideMacBook-Air.local with PID 59696 (/Users/shuaipi/CLionProjects/web_server/web-server/niuma-admin/target/classes started by shuaipi in /Users/shuaipi/CLionProjects/web_server/web-server)
22:19:36.283 [restartedMain] INFO  c.n.a.RuoYiApplication - [logStartupProfileInfo,686] - The following 1 profile is active: "druid"
22:19:36.283 [background-preinit] INFO  o.h.v.i.util.Version - [<clinit>,21] - HV000001: Hibernate Validator 6.2.5.Final
22:19:37.084 [restartedMain] INFO  o.a.c.h.Http11NioProtocol - [log,173] - Initializing ProtocolHandler ["http-nio-18080"]
22:19:37.084 [restartedMain] INFO  o.a.c.c.StandardService - [log,173] - Starting service [Tomcat]
22:19:37.084 [restartedMain] INFO  o.a.c.c.StandardEngine - [log,173] - Starting Servlet engine: [Apache Tomcat/9.0.75]
22:19:37.114 [restartedMain] INFO  o.a.c.c.C.[.[.[/] - [log,173] - Initializing Spring embedded WebApplicationContext
22:19:37.716 [restartedMain] INFO  c.a.d.p.DruidDataSource - [init,1002] - {dataSource-1} inited
22:19:37.726 [restartedMain] INFO  o.a.c.c.StandardService - [log,173] - Stopping service [Tomcat]
22:19:37.746 [Druid-ConnectionPool-Create-134292269] INFO  c.a.d.p.DruidAbstractDataSource - [setFailContinuous,1900] - {dataSource-1} failContinuous is true
22:23:12.885 [restartedMain] INFO  c.n.a.RuoYiApplication - [logStarting,55] - Starting RuoYiApplication using Java 11.0.16 on shuaipideMacBook-Air.local with PID 60718 (/Users/shuaipi/CLionProjects/web_server/web-server/niuma-admin/target/classes started by shuaipi in /Users/shuaipi/CLionProjects/web_server/web-server)
22:23:12.886 [restartedMain] INFO  c.n.a.RuoYiApplication - [logStartupProfileInfo,686] - The following 1 profile is active: "druid"
22:23:12.888 [background-preinit] INFO  o.h.v.i.util.Version - [<clinit>,21] - HV000001: Hibernate Validator 6.2.5.Final
22:23:14.053 [restartedMain] INFO  o.a.c.h.Http11NioProtocol - [log,173] - Initializing ProtocolHandler ["http-nio-18080"]
22:23:14.053 [restartedMain] INFO  o.a.c.c.StandardService - [log,173] - Starting service [Tomcat]
22:23:14.053 [restartedMain] INFO  o.a.c.c.StandardEngine - [log,173] - Starting Servlet engine: [Apache Tomcat/9.0.75]
22:23:14.077 [restartedMain] INFO  o.a.c.c.C.[.[.[/] - [log,173] - Initializing Spring embedded WebApplicationContext
22:23:14.719 [restartedMain] INFO  c.a.d.p.DruidDataSource - [init,1002] - {dataSource-1} inited
22:23:15.299 [restartedMain] INFO  c.a.d.p.DruidDataSource - [close,2204] - {dataSource-1} closing ...
22:23:15.301 [restartedMain] INFO  c.a.d.p.DruidDataSource - [close,2277] - {dataSource-1} closed
22:23:15.310 [restartedMain] INFO  o.a.c.c.StandardService - [log,173] - Stopping service [Tomcat]
22:25:28.332 [restartedMain] INFO  c.n.a.RuoYiApplication - [logStarting,55] - Starting RuoYiApplication using Java 11.0.16 on shuaipideMacBook-Air.local with PID 61268 (/Users/shuaipi/CLionProjects/web_server/web-server/niuma-admin/target/classes started by shuaipi in /Users/shuaipi/CLionProjects/web_server/web-server)
22:25:28.333 [restartedMain] INFO  c.n.a.RuoYiApplication - [logStartupProfileInfo,686] - The following 1 profile is active: "druid"
22:25:28.335 [background-preinit] INFO  o.h.v.i.util.Version - [<clinit>,21] - HV000001: Hibernate Validator 6.2.5.Final
22:25:29.162 [restartedMain] INFO  o.a.c.h.Http11NioProtocol - [log,173] - Initializing ProtocolHandler ["http-nio-18080"]
22:25:29.162 [restartedMain] INFO  o.a.c.c.StandardService - [log,173] - Starting service [Tomcat]
22:25:29.162 [restartedMain] INFO  o.a.c.c.StandardEngine - [log,173] - Starting Servlet engine: [Apache Tomcat/9.0.75]
22:25:29.191 [restartedMain] INFO  o.a.c.c.C.[.[.[/] - [log,173] - Initializing Spring embedded WebApplicationContext
22:25:29.792 [restartedMain] INFO  c.a.d.p.DruidDataSource - [init,1002] - {dataSource-1} inited
22:25:49.705 [restartedMain] INFO  c.n.a.s.i.RiskServiceImpl - [initRuleConfigFromRedis,105] - [风控] 规则配置已从Redis加载
22:25:59.066 [restartedMain] INFO  c.n.a.g.GrayReleaseService - [init,63] - [灰度] 初始化完成, 注册策略: [CHANNEL, PERCENT, USER_LIST, DEVICE_LEVEL, REGION]
22:25:59.098 [restartedMain] INFO  o.q.i.StdSchedulerFactory - [instantiate,1220] - Using default implementation for ThreadExecutor
22:25:59.101 [restartedMain] INFO  o.q.c.SchedulerSignalerImpl - [<init>,61] - Initialized Scheduler Signaller of type: class org.quartz.core.SchedulerSignalerImpl
22:25:59.102 [restartedMain] INFO  o.q.c.QuartzScheduler - [<init>,229] - Quartz Scheduler v.2.3.2 created.
22:25:59.102 [restartedMain] INFO  o.q.s.RAMJobStore - [initialize,155] - RAMJobStore initialized.
22:25:59.102 [restartedMain] INFO  o.q.c.QuartzScheduler - [initialize,294] - Scheduler meta-data: Quartz Scheduler (v2.3.2) 'quartzScheduler' with instanceId 'NON_CLUSTERED'
  Scheduler class: 'org.quartz.core.QuartzScheduler' - running locally.
  NOT STARTED.
  Currently in standby mode.
  Number of jobs executed: 0
  Using thread pool 'org.quartz.simpl.SimpleThreadPool' - with 10 threads.
  Using job-store 'org.quartz.simpl.RAMJobStore' - which does not support persistence. and is not clustered.

22:25:59.102 [restartedMain] INFO  o.q.i.StdSchedulerFactory - [instantiate,1374] - Quartz scheduler 'quartzScheduler' initialized from an externally provided properties instance.
22:25:59.102 [restartedMain] INFO  o.q.i.StdSchedulerFactory - [instantiate,1378] - Quartz scheduler version: 2.3.2
22:25:59.102 [restartedMain] INFO  o.q.c.QuartzScheduler - [setJobFactory,2293] - JobFactory set to: org.springframework.scheduling.quartz.SpringBeanJobFactory@4f4975e9
22:25:59.892 [restartedMain] INFO  o.a.c.h.Http11NioProtocol - [log,173] - Starting ProtocolHandler ["http-nio-18080"]
22:26:00.017 [restartedMain] INFO  o.q.c.QuartzScheduler - [start,547] - Scheduler quartzScheduler_$_NON_CLUSTERED started.
22:26:00.023 [restartedMain] INFO  c.n.a.RuoYiApplication - [logStarted,61] - Started RuoYiApplication in 31.821 seconds (JVM running for 32.192)
22:27:35.160 [SpringApplicationShutdownHook] INFO  o.q.c.QuartzScheduler - [standby,585] - Scheduler quartzScheduler_$_NON_CLUSTERED paused.
22:27:36.205 [SpringApplicationShutdownHook] INFO  o.q.c.QuartzScheduler - [shutdown,666] - Scheduler quartzScheduler_$_NON_CLUSTERED shutting down.
22:27:36.206 [SpringApplicationShutdownHook] INFO  o.q.c.QuartzScheduler - [standby,585] - Scheduler quartzScheduler_$_NON_CLUSTERED paused.
22:27:36.206 [SpringApplicationShutdownHook] INFO  o.q.c.QuartzScheduler - [shutdown,740] - Scheduler quartzScheduler_$_NON_CLUSTERED shutdown complete.
22:27:36.206 [SpringApplicationShutdownHook] INFO  sys-user - [shutdownAsyncManager,31] - ====关闭后台任务任务线程池====
22:27:36.210 [SpringApplicationShutdownHook] INFO  c.a.d.p.DruidDataSource - [close,2204] - {dataSource-1} closing ...
22:27:36.216 [SpringApplicationShutdownHook] INFO  c.a.d.p.DruidDataSource - [close,2277] - {dataSource-1} closed
22:29:17.865 [restartedMain] INFO  c.n.a.RuoYiApplication - [logStarting,55] - Starting RuoYiApplication using Java 11.0.16 on shuaipideMacBook-Air.local with PID 62066 (/Users/shuaipi/CLionProjects/web_server/web-server/niuma-admin/target/classes started by shuaipi in /Users/shuaipi/CLionProjects/web_server/web-server)
22:29:17.867 [restartedMain] INFO  c.n.a.RuoYiApplication - [logStartupProfileInfo,686] - The following 1 profile is active: "druid"
22:29:17.868 [background-preinit] INFO  o.h.v.i.util.Version - [<clinit>,21] - HV000001: Hibernate Validator 6.2.5.Final
22:29:18.886 [restartedMain] INFO  o.a.c.h.Http11NioProtocol - [log,173] - Initializing ProtocolHandler ["http-nio-18080"]
22:29:18.886 [restartedMain] INFO  o.a.c.c.StandardService - [log,173] - Starting service [Tomcat]
22:29:18.886 [restartedMain] INFO  o.a.c.c.StandardEngine - [log,173] - Starting Servlet engine: [Apache Tomcat/9.0.75]
22:29:18.915 [restartedMain] INFO  o.a.c.c.C.[.[.[/] - [log,173] - Initializing Spring embedded WebApplicationContext
22:29:19.531 [restartedMain] INFO  c.a.d.p.DruidDataSource - [init,1002] - {dataSource-1} inited
22:29:55.332 [restartedMain] INFO  c.n.a.s.i.RiskServiceImpl - [initRuleConfigFromRedis,105] - [风控] 规则配置已从Redis加载
22:30:08.128 [restartedMain] INFO  c.n.a.g.GrayReleaseService - [init,63] - [灰度] 初始化完成, 注册策略: [CHANNEL, PERCENT, USER_LIST, DEVICE_LEVEL, REGION]
22:30:08.157 [restartedMain] INFO  o.q.i.StdSchedulerFactory - [instantiate,1220] - Using default implementation for ThreadExecutor
22:30:08.161 [restartedMain] INFO  o.q.c.SchedulerSignalerImpl - [<init>,61] - Initialized Scheduler Signaller of type: class org.quartz.core.SchedulerSignalerImpl
22:30:08.161 [restartedMain] INFO  o.q.c.QuartzScheduler - [<init>,229] - Quartz Scheduler v.2.3.2 created.
22:30:08.161 [restartedMain] INFO  o.q.s.RAMJobStore - [initialize,155] - RAMJobStore initialized.
22:30:08.161 [restartedMain] INFO  o.q.c.QuartzScheduler - [initialize,294] - Scheduler meta-data: Quartz Scheduler (v2.3.2) 'quartzScheduler' with instanceId 'NON_CLUSTERED'
  Scheduler class: 'org.quartz.core.QuartzScheduler' - running locally.
  NOT STARTED.
  Currently in standby mode.
  Number of jobs executed: 0
  Using thread pool 'org.quartz.simpl.SimpleThreadPool' - with 10 threads.
  Using job-store 'org.quartz.simpl.RAMJobStore' - which does not support persistence. and is not clustered.

22:30:08.161 [restartedMain] INFO  o.q.i.StdSchedulerFactory - [instantiate,1374] - Quartz scheduler 'quartzScheduler' initialized from an externally provided properties instance.
22:30:08.161 [restartedMain] INFO  o.q.i.StdSchedulerFactory - [instantiate,1378] - Quartz scheduler version: 2.3.2
22:30:08.161 [restartedMain] INFO  o.q.c.QuartzScheduler - [setJobFactory,2293] - JobFactory set to: org.springframework.scheduling.quartz.SpringBeanJobFactory@15b7d2f
22:30:08.929 [restartedMain] INFO  o.a.c.h.Http11NioProtocol - [log,173] - Starting ProtocolHandler ["http-nio-18080"]
22:30:09.063 [restartedMain] INFO  o.q.c.QuartzScheduler - [start,547] - Scheduler quartzScheduler_$_NON_CLUSTERED started.
22:30:09.069 [restartedMain] INFO  c.n.a.RuoYiApplication - [logStarted,61] - Started RuoYiApplication in 51.341 seconds (JVM running for 51.797)
22:30:40.250 [Thread-4] INFO  o.q.c.QuartzScheduler - [standby,585] - Scheduler quartzScheduler_$_NON_CLUSTERED paused.
22:30:41.297 [Thread-4] INFO  o.q.c.QuartzScheduler - [shutdown,666] - Scheduler quartzScheduler_$_NON_CLUSTERED shutting down.
22:30:41.298 [Thread-4] INFO  o.q.c.QuartzScheduler - [standby,585] - Scheduler quartzScheduler_$_NON_CLUSTERED paused.
22:30:41.298 [Thread-4] INFO  o.q.c.QuartzScheduler - [shutdown,740] - Scheduler quartzScheduler_$_NON_CLUSTERED shutdown complete.
22:30:41.298 [Thread-4] INFO  sys-user - [shutdownAsyncManager,31] - ====关闭后台任务任务线程池====
22:30:41.302 [Thread-4] INFO  c.a.d.p.DruidDataSource - [close,2204] - {dataSource-1} closing ...
22:30:41.308 [Thread-4] INFO  c.a.d.p.DruidDataSource - [close,2277] - {dataSource-1} closed
22:30:41.523 [restartedMain] INFO  c.n.a.RuoYiApplication - [logStarting,55] - Starting RuoYiApplication using Java 11.0.16 on shuaipideMacBook-Air.local with PID 62066 (/Users/shuaipi/CLionProjects/web_server/web-server/niuma-admin/target/classes started by shuaipi in /Users/shuaipi/CLionProjects/web_server/web-server)
22:30:41.524 [restartedMain] INFO  c.n.a.RuoYiApplication - [logStartupProfileInfo,686] - The following 1 profile is active: "druid"
22:30:41.842 [restartedMain] INFO  o.a.c.h.Http11NioProtocol - [log,173] - Initializing ProtocolHandler ["http-nio-18080"]
22:30:41.842 [restartedMain] INFO  o.a.c.c.StandardService - [log,173] - Starting service [Tomcat]
22:30:41.842 [restartedMain] INFO  o.a.c.c.StandardEngine - [log,173] - Starting Servlet engine: [Apache Tomcat/9.0.75]
22:30:41.846 [restartedMain] INFO  o.a.c.c.C.[.[.[/] - [log,173] - Initializing Spring embedded WebApplicationContext
22:30:42.186 [restartedMain] INFO  c.a.d.p.DruidDataSource - [init,1002] - {dataSource-2} inited
22:31:14.667 [restartedMain] INFO  c.n.a.s.i.RiskServiceImpl - [initRuleConfigFromRedis,105] - [风控] 规则配置已从Redis加载
22:31:27.345 [restartedMain] INFO  c.n.a.g.GrayReleaseService - [init,63] - [灰度] 初始化完成, 注册策略: [CHANNEL, PERCENT, USER_LIST, DEVICE_LEVEL, REGION]
22:31:27.363 [restartedMain] INFO  o.q.i.StdSchedulerFactory - [instantiate,1220] - Using default implementation for ThreadExecutor
22:31:27.364 [restartedMain] INFO  o.q.c.SchedulerSignalerImpl - [<init>,61] - Initialized Scheduler Signaller of type: class org.quartz.core.SchedulerSignalerImpl
22:31:27.364 [restartedMain] INFO  o.q.c.QuartzScheduler - [<init>,229] - Quartz Scheduler v.2.3.2 created.
22:31:27.364 [restartedMain] INFO  o.q.s.RAMJobStore - [initialize,155] - RAMJobStore initialized.
22:31:27.364 [restartedMain] INFO  o.q.c.QuartzScheduler - [initialize,294] - Scheduler meta-data: Quartz Scheduler (v2.3.2) 'quartzScheduler' with instanceId 'NON_CLUSTERED'
  Scheduler class: 'org.quartz.core.QuartzScheduler' - running locally.
  NOT STARTED.
  Currently in standby mode.
  Number of jobs executed: 0
  Using thread pool 'org.quartz.simpl.SimpleThreadPool' - with 10 threads.
  Using job-store 'org.quartz.simpl.RAMJobStore' - which does not support persistence. and is not clustered.

22:31:27.364 [restartedMain] INFO  o.q.i.StdSchedulerFactory - [instantiate,1374] - Quartz scheduler 'quartzScheduler' initialized from an externally provided properties instance.
22:31:27.364 [restartedMain] INFO  o.q.i.StdSchedulerFactory - [instantiate,1378] - Quartz scheduler version: 2.3.2
22:31:27.364 [restartedMain] INFO  o.q.c.QuartzScheduler - [setJobFactory,2293] - JobFactory set to: org.springframework.scheduling.quartz.SpringBeanJobFactory@f0b276a
22:31:27.951 [restartedMain] INFO  o.a.c.h.Http11NioProtocol - [log,173] - Starting ProtocolHandler ["http-nio-18080"]
22:32:04.708 [restartedMain] INFO  o.q.c.QuartzScheduler - [shutdown,666] - Scheduler quartzScheduler_$_NON_CLUSTERED shutting down.
22:32:04.708 [restartedMain] INFO  o.q.c.QuartzScheduler - [standby,585] - Scheduler quartzScheduler_$_NON_CLUSTERED paused.
22:32:04.708 [restartedMain] INFO  o.q.c.QuartzScheduler - [shutdown,740] - Scheduler quartzScheduler_$_NON_CLUSTERED shutdown complete.
22:32:04.709 [restartedMain] INFO  sys-user - [shutdownAsyncManager,31] - ====关闭后台任务任务线程池====
22:32:05.668 [restartedMain] INFO  c.a.d.p.DruidDataSource - [close,2204] - {dataSource-2} closing ...
22:32:05.670 [restartedMain] INFO  c.a.d.p.DruidDataSource - [close,2277] - {dataSource-2} closed
22:32:06.781 [restartedMain] INFO  o.a.c.h.Http11NioProtocol - [log,173] - Pausing ProtocolHandler ["http-nio-18080"]
22:32:06.783 [restartedMain] INFO  o.a.c.c.StandardService - [log,173] - Stopping service [Tomcat]
22:32:06.789 [restartedMain] INFO  o.a.c.h.Http11NioProtocol - [log,173] - Stopping ProtocolHandler ["http-nio-18080"]
22:32:06.805 [restartedMain] INFO  o.a.c.h.Http11NioProtocol - [log,173] - Destroying ProtocolHandler ["http-nio-18080"]
22:48:10.143 [restartedMain] INFO  c.n.a.RuoYiApplication - [logStarting,55] - Starting RuoYiApplication using Java 11.0.16 on shuaipideMacBook-Air.local with PID 67425 (/Users/shuaipi/CLionProjects/web_server/web-server/niuma-admin/target/classes started by shuaipi in /Users/shuaipi/CLionProjects/web_server/web-server)
22:48:10.145 [restartedMain] INFO  c.n.a.RuoYiApplication - [logStartupProfileInfo,686] - The following 1 profile is active: "druid"
22:48:10.144 [background-preinit] INFO  o.h.v.i.util.Version - [<clinit>,21] - HV000001: Hibernate Validator 6.2.5.Final
22:48:10.999 [restartedMain] INFO  o.a.c.h.Http11NioProtocol - [log,173] - Initializing ProtocolHandler ["http-nio-18080"]
22:48:10.999 [restartedMain] INFO  o.a.c.c.StandardService - [log,173] - Starting service [Tomcat]
22:48:10.999 [restartedMain] INFO  o.a.c.c.StandardEngine - [log,173] - Starting Servlet engine: [Apache Tomcat/9.0.75]
22:48:11.023 [restartedMain] INFO  o.a.c.c.C.[.[.[/] - [log,173] - Initializing Spring embedded WebApplicationContext
22:48:11.667 [restartedMain] INFO  c.a.d.p.DruidDataSource - [init,1002] - {dataSource-1} inited
22:48:43.092 [restartedMain] INFO  c.n.a.s.i.RiskServiceImpl - [initRuleConfigFromRedis,105] - [风控] 规则配置已从Redis加载
22:48:58.174 [restartedMain] INFO  c.n.a.g.GrayReleaseService - [init,63] - [灰度] 初始化完成, 注册策略: [CHANNEL, PERCENT, USER_LIST, DEVICE_LEVEL, REGION]
22:48:58.207 [restartedMain] INFO  o.q.i.StdSchedulerFactory - [instantiate,1220] - Using default implementation for ThreadExecutor
22:48:58.210 [restartedMain] INFO  o.q.c.SchedulerSignalerImpl - [<init>,61] - Initialized Scheduler Signaller of type: class org.quartz.core.SchedulerSignalerImpl
22:48:58.210 [restartedMain] INFO  o.q.c.QuartzScheduler - [<init>,229] - Quartz Scheduler v.2.3.2 created.
22:48:58.211 [restartedMain] INFO  o.q.s.RAMJobStore - [initialize,155] - RAMJobStore initialized.
22:48:58.211 [restartedMain] INFO  o.q.c.QuartzScheduler - [initialize,294] - Scheduler meta-data: Quartz Scheduler (v2.3.2) 'quartzScheduler' with instanceId 'NON_CLUSTERED'
  Scheduler class: 'org.quartz.core.QuartzScheduler' - running locally.
  NOT STARTED.
  Currently in standby mode.
  Number of jobs executed: 0
  Using thread pool 'org.quartz.simpl.SimpleThreadPool' - with 10 threads.
  Using job-store 'org.quartz.simpl.RAMJobStore' - which does not support persistence. and is not clustered.

22:48:58.211 [restartedMain] INFO  o.q.i.StdSchedulerFactory - [instantiate,1374] - Quartz scheduler 'quartzScheduler' initialized from an externally provided properties instance.
22:48:58.211 [restartedMain] INFO  o.q.i.StdSchedulerFactory - [instantiate,1378] - Quartz scheduler version: 2.3.2
22:48:58.211 [restartedMain] INFO  o.q.c.QuartzScheduler - [setJobFactory,2293] - JobFactory set to: org.springframework.scheduling.quartz.SpringBeanJobFactory@498b4108
22:48:59.142 [restartedMain] INFO  o.a.c.h.Http11NioProtocol - [log,173] - Starting ProtocolHandler ["http-nio-18080"]
22:49:43.585 [restartedMain] INFO  o.q.c.QuartzScheduler - [start,547] - Scheduler quartzScheduler_$_NON_CLUSTERED started.
22:49:43.637 [restartedMain] INFO  c.n.a.RuoYiApplication - [logStarted,61] - Started RuoYiApplication in 93.632 seconds (JVM running for 94.041)
22:50:58.620 [restartedMain] INFO  c.n.a.RuoYiApplication - [logStarting,55] - Starting RuoYiApplication using Java 11.0.16 on shuaipideMacBook-Air.local with PID 67996 (/Users/shuaipi/CLionProjects/web_server/web-server/niuma-admin/target/classes started by shuaipi in /Users/shuaipi/CLionProjects/web_server/web-server)
22:50:58.621 [restartedMain] INFO  c.n.a.RuoYiApplication - [logStartupProfileInfo,686] - The following 1 profile is active: "druid"
22:50:58.622 [background-preinit] INFO  o.h.v.i.util.Version - [<clinit>,21] - HV000001: Hibernate Validator 6.2.5.Final
22:50:59.479 [restartedMain] INFO  o.a.c.h.Http11NioProtocol - [log,173] - Initializing ProtocolHandler ["http-nio-18080"]
22:50:59.479 [restartedMain] INFO  o.a.c.c.StandardService - [log,173] - Starting service [Tomcat]
22:50:59.479 [restartedMain] INFO  o.a.c.c.StandardEngine - [log,173] - Starting Servlet engine: [Apache Tomcat/9.0.75]
22:50:59.503 [restartedMain] INFO  o.a.c.c.C.[.[.[/] - [log,173] - Initializing Spring embedded WebApplicationContext
22:51:00.145 [restartedMain] INFO  c.a.d.p.DruidDataSource - [init,1002] - {dataSource-1} inited
22:51:37.375 [restartedMain] INFO  c.n.a.s.i.RiskServiceImpl - [initRuleConfigFromRedis,105] - [风控] 规则配置已从Redis加载
22:51:52.991 [restartedMain] INFO  c.n.a.g.GrayReleaseService - [init,63] - [灰度] 初始化完成, 注册策略: [CHANNEL, PERCENT, USER_LIST, DEVICE_LEVEL, REGION]
22:51:53.022 [restartedMain] INFO  o.q.i.StdSchedulerFactory - [instantiate,1220] - Using default implementation for ThreadExecutor
22:51:53.025 [restartedMain] INFO  o.q.c.SchedulerSignalerImpl - [<init>,61] - Initialized Scheduler Signaller of type: class org.quartz.core.SchedulerSignalerImpl
22:51:53.025 [restartedMain] INFO  o.q.c.QuartzScheduler - [<init>,229] - Quartz Scheduler v.2.3.2 created.
22:51:53.025 [restartedMain] INFO  o.q.s.RAMJobStore - [initialize,155] - RAMJobStore initialized.
22:51:53.025 [restartedMain] INFO  o.q.c.QuartzScheduler - [initialize,294] - Scheduler meta-data: Quartz Scheduler (v2.3.2) 'quartzScheduler' with instanceId 'NON_CLUSTERED'
  Scheduler class: 'org.quartz.core.QuartzScheduler' - running locally.
  NOT STARTED.
  Currently in standby mode.
  Number of jobs executed: 0
  Using thread pool 'org.quartz.simpl.SimpleThreadPool' - with 10 threads.
  Using job-store 'org.quartz.simpl.RAMJobStore' - which does not support persistence. and is not clustered.

22:51:53.025 [restartedMain] INFO  o.q.i.StdSchedulerFactory - [instantiate,1374] - Quartz scheduler 'quartzScheduler' initialized from an externally provided properties instance.
22:51:53.025 [restartedMain] INFO  o.q.i.StdSchedulerFactory - [instantiate,1378] - Quartz scheduler version: 2.3.2
22:51:53.025 [restartedMain] INFO  o.q.c.QuartzScheduler - [setJobFactory,2293] - JobFactory set to: org.springframework.scheduling.quartz.SpringBeanJobFactory@2dbaf5b7
22:51:53.804 [restartedMain] INFO  o.a.c.h.Http11NioProtocol - [log,173] - Starting ProtocolHandler ["http-nio-18080"]
22:52:33.338 [restartedMain] INFO  o.q.c.QuartzScheduler - [start,547] - Scheduler quartzScheduler_$_NON_CLUSTERED started.
22:52:33.386 [restartedMain] INFO  c.n.a.RuoYiApplication - [logStarted,61] - Started RuoYiApplication in 94.894 seconds (JVM running for 95.281)
22:30:04.561 [restartedMain] INFO  c.n.a.RuoYiApplication - [logStarting,55] - Starting RuoYiApplication using Java 11.0.16 on shuaipideMacBook-Air.local with PID 99567 (/Users/shuaipi/CLionProjects/web_server/web-server/niuma-admin/target/classes started by shuaipi in /Users/shuaipi/CLionProjects/web_server/web-server)
22:30:04.562 [restartedMain] INFO  c.n.a.RuoYiApplication - [logStartupProfileInfo,686] - The following 1 profile is active: "druid"
22:30:04.977 [restartedMain] INFO  o.a.c.h.Http11NioProtocol - [log,173] - Initializing ProtocolHandler ["http-nio-18080"]
22:30:04.978 [restartedMain] INFO  o.a.c.c.StandardService - [log,173] - Starting service [Tomcat]
22:30:04.978 [restartedMain] INFO  o.a.c.c.StandardEngine - [log,173] - Starting Servlet engine: [Apache Tomcat/9.0.75]
22:30:04.983 [restartedMain] INFO  o.a.c.c.C.[.[.[/] - [log,173] - Initializing Spring embedded WebApplicationContext
22:30:05.327 [restartedMain] INFO  c.a.d.p.DruidDataSource - [init,1002] - {dataSource-2} inited
22:30:50.898 [restartedMain] INFO  c.n.a.s.i.RiskServiceImpl - [initRuleConfigFromRedis,105] - [风控] 规则配置已从Redis加载
22:31:09.776 [restartedMain] INFO  c.n.a.g.GrayReleaseService - [init,63] - [灰度] 初始化完成, 注册策略: [CHANNEL, PERCENT, USER_LIST, DEVICE_LEVEL, REGION]
22:31:09.795 [restartedMain] INFO  o.q.i.StdSchedulerFactory - [instantiate,1220] - Using default implementation for ThreadExecutor
22:31:09.795 [restartedMain] INFO  o.q.c.SchedulerSignalerImpl - [<init>,61] - Initialized Scheduler Signaller of type: class org.quartz.core.SchedulerSignalerImpl
22:31:09.795 [restartedMain] INFO  o.q.c.QuartzScheduler - [<init>,229] - Quartz Scheduler v.2.3.2 created.
22:31:09.795 [restartedMain] INFO  o.q.s.RAMJobStore - [initialize,155] - RAMJobStore initialized.
22:31:09.795 [restartedMain] INFO  o.q.c.QuartzScheduler - [initialize,294] - Scheduler meta-data: Quartz Scheduler (v2.3.2) 'quartzScheduler' with instanceId 'NON_CLUSTERED'
  Scheduler class: 'org.quartz.core.QuartzScheduler' - running locally.
  NOT STARTED.
  Currently in standby mode.
  Number of jobs executed: 0
  Using thread pool 'org.quartz.simpl.SimpleThreadPool' - with 10 threads.
  Using job-store 'org.quartz.simpl.RAMJobStore' - which does not support persistence. and is not clustered.

22:31:09.795 [restartedMain] INFO  o.q.i.StdSchedulerFactory - [instantiate,1374] - Quartz scheduler 'quartzScheduler' initialized from an externally provided properties instance.
22:31:09.795 [restartedMain] INFO  o.q.i.StdSchedulerFactory - [instantiate,1378] - Quartz scheduler version: 2.3.2
22:31:09.795 [restartedMain] INFO  o.q.c.QuartzScheduler - [setJobFactory,2293] - JobFactory set to: org.springframework.scheduling.quartz.SpringBeanJobFactory@41344729
22:31:10.977 [restartedMain] INFO  c.n.a.RuoYiApplication - [logStarting,55] - Starting RuoYiApplication using Java 11.0.16 on shuaipideMacBook-Air.local with PID 39487 (/Users/shuaipi/CLionProjects/web_server/web-server/niuma-admin/target/classes started by shuaipi in /Users/shuaipi/CLionProjects/web_server/web-server)
22:31:10.979 [background-preinit] INFO  o.h.v.i.util.Version - [<clinit>,21] - HV000001: Hibernate Validator 6.2.5.Final
22:31:10.979 [restartedMain] INFO  c.n.a.RuoYiApplication - [logStartupProfileInfo,686] - The following 1 profile is active: "druid"
22:31:11.958 [restartedMain] INFO  o.a.c.h.Http11NioProtocol - [log,173] - Initializing ProtocolHandler ["http-nio-18080"]
22:31:11.958 [restartedMain] INFO  o.a.c.c.StandardService - [log,173] - Starting service [Tomcat]
22:31:11.958 [restartedMain] INFO  o.a.c.c.StandardEngine - [log,173] - Starting Servlet engine: [Apache Tomcat/9.0.75]
22:31:11.983 [restartedMain] INFO  o.a.c.c.C.[.[.[/] - [log,173] - Initializing Spring embedded WebApplicationContext
22:31:12.625 [restartedMain] INFO  c.a.d.p.DruidDataSource - [init,1002] - {dataSource-1} inited
22:31:33.238 [restartedMain] INFO  c.n.a.RuoYiApplication - [logStarting,55] - Starting RuoYiApplication using Java 11.0.16 on shuaipideMacBook-Air.local with PID 39554 (/Users/shuaipi/CLionProjects/web_server/web-server/niuma-admin/target/classes started by shuaipi in /Users/shuaipi/CLionProjects/web_server/web-server)
22:31:33.239 [restartedMain] INFO  c.n.a.RuoYiApplication - [logStartupProfileInfo,686] - The following 1 profile is active: "druid"
22:31:33.239 [background-preinit] INFO  o.h.v.i.util.Version - [<clinit>,21] - HV000001: Hibernate Validator 6.2.5.Final
22:31:34.089 [restartedMain] INFO  o.a.c.h.Http11NioProtocol - [log,173] - Initializing ProtocolHandler ["http-nio-18080"]
22:31:34.089 [restartedMain] INFO  o.a.c.c.StandardService - [log,173] - Starting service [Tomcat]
22:31:34.089 [restartedMain] INFO  o.a.c.c.StandardEngine - [log,173] - Starting Servlet engine: [Apache Tomcat/9.0.75]
22:31:34.111 [restartedMain] INFO  o.a.c.c.C.[.[.[/] - [log,173] - Initializing Spring embedded WebApplicationContext
22:31:34.727 [restartedMain] INFO  c.a.d.p.DruidDataSource - [init,1002] - {dataSource-1} inited
22:31:45.497 [restartedMain] INFO  c.a.d.p.DruidDataSource - [close,2204] - {dataSource-1} closing ...
22:31:45.503 [restartedMain] INFO  c.a.d.p.DruidDataSource - [close,2277] - {dataSource-1} closed
22:31:45.620 [restartedMain] INFO  o.a.c.c.StandardService - [log,173] - Stopping service [Tomcat]
22:09:42.678 [restartedMain] INFO  c.n.a.RuoYiApplication - [logStarting,55] - Starting RuoYiApplication using Java 11.0.16 on 192.168.1.133 with PID 15277 (/Users/shuaipi/CLionProjects/web_server/web-server/niuma-admin/target/classes started by shuaipi in /Users/shuaipi/CLionProjects/web_server/web-server)
22:09:42.678 [restartedMain] INFO  c.n.a.RuoYiApplication - [logStartupProfileInfo,686] - The following 1 profile is active: "druid"
22:09:43.096 [restartedMain] INFO  o.a.c.h.Http11NioProtocol - [log,173] - Initializing ProtocolHandler ["http-nio-18080"]
22:09:43.096 [restartedMain] INFO  o.a.c.c.StandardService - [log,173] - Starting service [Tomcat]
22:09:43.096 [restartedMain] INFO  o.a.c.c.StandardEngine - [log,173] - Starting Servlet engine: [Apache Tomcat/9.0.75]
22:09:43.102 [restartedMain] INFO  o.a.c.c.C.[.[.[/] - [log,173] - Initializing Spring embedded WebApplicationContext
22:09:43.505 [restartedMain] INFO  c.a.d.p.DruidDataSource - [init,1002] - {dataSource-2} inited
22:09:45.362 [restartedMain] INFO  c.n.a.s.i.RiskServiceImpl - [initRuleConfigFromRedis,105] - [风控] 规则配置已从Redis加载
22:09:45.965 [restartedMain] INFO  c.n.a.g.GrayReleaseService - [init,63] - [灰度] 初始化完成, 注册策略: [CHANNEL, PERCENT, USER_LIST, DEVICE_LEVEL, REGION]
22:09:45.984 [restartedMain] INFO  o.q.i.StdSchedulerFactory - [instantiate,1220] - Using default implementation for ThreadExecutor
22:09:45.985 [restartedMain] INFO  o.q.c.SchedulerSignalerImpl - [<init>,61] - Initialized Scheduler Signaller of type: class org.quartz.core.SchedulerSignalerImpl
22:09:45.985 [restartedMain] INFO  o.q.c.QuartzScheduler - [<init>,229] - Quartz Scheduler v.2.3.2 created.
22:09:45.985 [restartedMain] INFO  o.q.s.RAMJobStore - [initialize,155] - RAMJobStore initialized.
22:09:45.985 [restartedMain] INFO  o.q.c.QuartzScheduler - [initialize,294] - Scheduler meta-data: Quartz Scheduler (v2.3.2) 'quartzScheduler' with instanceId 'NON_CLUSTERED'
  Scheduler class: 'org.quartz.core.QuartzScheduler' - running locally.
  NOT STARTED.
  Currently in standby mode.
  Number of jobs executed: 0
  Using thread pool 'org.quartz.simpl.SimpleThreadPool' - with 10 threads.
  Using job-store 'org.quartz.simpl.RAMJobStore' - which does not support persistence. and is not clustered.

22:09:45.985 [restartedMain] INFO  o.q.i.StdSchedulerFactory - [instantiate,1374] - Quartz scheduler 'quartzScheduler' initialized from an externally provided properties instance.
22:09:45.985 [restartedMain] INFO  o.q.i.StdSchedulerFactory - [instantiate,1378] - Quartz scheduler version: 2.3.2
22:09:45.985 [restartedMain] INFO  o.q.c.QuartzScheduler - [setJobFactory,2293] - JobFactory set to: org.springframework.scheduling.quartz.SpringBeanJobFactory@1af410b7
22:09:46.680 [restartedMain] INFO  o.a.c.h.Http11NioProtocol - [log,173] - Starting ProtocolHandler ["http-nio-18080"]
22:09:47.560 [restartedMain] INFO  o.q.c.QuartzScheduler - [start,547] - Scheduler quartzScheduler_$_NON_CLUSTERED started.
22:09:47.572 [restartedMain] INFO  c.n.a.RuoYiApplication - [logStarted,61] - Started RuoYiApplication in 4.927 seconds (JVM running for 780.113)
22:09:52.345 [Thread-7] INFO  o.q.c.QuartzScheduler - [standby,585] - Scheduler quartzScheduler_$_NON_CLUSTERED paused.
22:09:53.271 [Thread-7] INFO  o.q.c.QuartzScheduler - [shutdown,666] - Scheduler quartzScheduler_$_NON_CLUSTERED shutting down.
22:09:53.272 [Thread-7] INFO  o.q.c.QuartzScheduler - [standby,585] - Scheduler quartzScheduler_$_NON_CLUSTERED paused.
22:09:53.272 [Thread-7] INFO  o.q.c.QuartzScheduler - [shutdown,740] - Scheduler quartzScheduler_$_NON_CLUSTERED shutdown complete.
22:09:53.272 [Thread-7] INFO  sys-user - [shutdownAsyncManager,31] - ====关闭后台任务任务线程池====
22:09:53.314 [Thread-7] INFO  c.a.d.p.DruidDataSource - [close,2204] - {dataSource-2} closing ...
22:09:53.324 [Thread-7] INFO  c.a.d.p.DruidDataSource - [close,2277] - {dataSource-2} closed
22:09:53.580 [restartedMain] INFO  c.n.a.RuoYiApplication - [logStarting,55] - Starting RuoYiApplication using Java 11.0.16 on 192.168.1.133 with PID 15277 (/Users/shuaipi/CLionProjects/web_server/web-server/niuma-admin/target/classes started by shuaipi in /Users/shuaipi/CLionProjects/web_server/web-server)
22:09:53.581 [restartedMain] INFO  c.n.a.RuoYiApplication - [logStartupProfileInfo,686] - The following 1 profile is active: "druid"
22:09:54.092 [restartedMain] INFO  o.a.c.h.Http11NioProtocol - [log,173] - Initializing ProtocolHandler ["http-nio-18080"]
22:09:54.092 [restartedMain] INFO  o.a.c.c.StandardService - [log,173] - Starting service [Tomcat]
22:09:54.092 [restartedMain] INFO  o.a.c.c.StandardEngine - [log,173] - Starting Servlet engine: [Apache Tomcat/9.0.75]
22:09:54.100 [restartedMain] INFO  o.a.c.c.C.[.[.[/] - [log,173] - Initializing Spring embedded WebApplicationContext
22:09:54.488 [restartedMain] INFO  c.a.d.p.DruidDataSource - [init,1002] - {dataSource-3} inited
22:09:55.793 [restartedMain] INFO  o.q.i.StdSchedulerFactory - [instantiate,1220] - Using default implementation for ThreadExecutor
22:09:55.794 [restartedMain] INFO  o.q.c.SchedulerSignalerImpl - [<init>,61] - Initialized Scheduler Signaller of type: class org.quartz.core.SchedulerSignalerImpl
22:09:55.794 [restartedMain] INFO  o.q.c.QuartzScheduler - [<init>,229] - Quartz Scheduler v.2.3.2 created.
22:09:55.794 [restartedMain] INFO  o.q.s.RAMJobStore - [initialize,155] - RAMJobStore initialized.
22:09:55.794 [restartedMain] INFO  o.q.c.QuartzScheduler - [initialize,294] - Scheduler meta-data: Quartz Scheduler (v2.3.2) 'quartzScheduler' with instanceId 'NON_CLUSTERED'
  Scheduler class: 'org.quartz.core.QuartzScheduler' - running locally.
  NOT STARTED.
  Currently in standby mode.
  Number of jobs executed: 0
  Using thread pool 'org.quartz.simpl.SimpleThreadPool' - with 10 threads.
  Using job-store 'org.quartz.simpl.RAMJobStore' - which does not support persistence. and is not clustered.

22:09:55.794 [restartedMain] INFO  o.q.i.StdSchedulerFactory - [instantiate,1374] - Quartz scheduler 'quartzScheduler' initialized from an externally provided properties instance.
22:09:55.794 [restartedMain] INFO  o.q.i.StdSchedulerFactory - [instantiate,1378] - Quartz scheduler version: 2.3.2
22:09:55.795 [restartedMain] INFO  o.q.c.QuartzScheduler - [setJobFactory,2293] - JobFactory set to: org.springframework.scheduling.quartz.SpringBeanJobFactory@1d4e2075
22:09:56.469 [restartedMain] INFO  o.a.c.h.Http11NioProtocol - [log,173] - Starting ProtocolHandler ["http-nio-18080"]
22:09:56.508 [restartedMain] INFO  o.q.c.QuartzScheduler - [start,547] - Scheduler quartzScheduler_$_NON_CLUSTERED started.
22:09:56.510 [restartedMain] INFO  c.n.a.RuoYiApplication - [logStarted,61] - Started RuoYiApplication in 2.954 seconds (JVM running for 789.051)
22:09:57.889 [Thread-11] INFO  o.q.c.QuartzScheduler - [standby,585] - Scheduler quartzScheduler_$_NON_CLUSTERED paused.
22:09:57.900 [Thread-11] INFO  o.q.c.QuartzScheduler - [shutdown,666] - Scheduler quartzScheduler_$_NON_CLUSTERED shutting down.
22:09:57.900 [Thread-11] INFO  o.q.c.QuartzScheduler - [standby,585] - Scheduler quartzScheduler_$_NON_CLUSTERED paused.
22:09:57.900 [Thread-11] INFO  o.q.c.QuartzScheduler - [shutdown,740] - Scheduler quartzScheduler_$_NON_CLUSTERED shutdown complete.
22:09:57.900 [Thread-11] INFO  sys-user - [shutdownAsyncManager,31] - ====关闭后台任务任务线程池====
22:09:57.902 [Thread-11] INFO  c.a.d.p.DruidDataSource - [close,2204] - {dataSource-3} closing ...
22:09:57.905 [Thread-11] INFO  c.a.d.p.DruidDataSource - [close,2277] - {dataSource-3} closed
22:09:58.108 [restartedMain] INFO  c.n.a.RuoYiApplication - [logStarting,55] - Starting RuoYiApplication using Java 11.0.16 on 192.168.1.133 with PID 15277 (/Users/shuaipi/CLionProjects/web_server/web-server/niuma-admin/target/classes started by shuaipi in /Users/shuaipi/CLionProjects/web_server/web-server)
22:09:58.108 [restartedMain] INFO  c.n.a.RuoYiApplication - [logStartupProfileInfo,686] - The following 1 profile is active: "druid"
22:09:58.415 [restartedMain] INFO  o.a.c.h.Http11NioProtocol - [log,173] - Initializing ProtocolHandler ["http-nio-18080"]
22:09:58.416 [restartedMain] INFO  o.a.c.c.StandardService - [log,173] - Starting service [Tomcat]
22:09:58.416 [restartedMain] INFO  o.a.c.c.StandardEngine - [log,173] - Starting Servlet engine: [Apache Tomcat/9.0.75]
22:09:58.422 [restartedMain] INFO  o.a.c.c.C.[.[.[/] - [log,173] - Initializing Spring embedded WebApplicationContext
22:09:58.793 [restartedMain] INFO  c.a.d.p.DruidDataSource - [init,1002] - {dataSource-4} inited
22:10:00.584 [restartedMain] INFO  c.n.a.s.i.RiskServiceImpl - [initRuleConfigFromRedis,105] - [风控] 规则配置已从Redis加载
22:10:01.162 [restartedMain] INFO  c.n.a.g.GrayReleaseService - [init,63] - [灰度] 初始化完成, 注册策略: [CHANNEL, PERCENT, USER_LIST, DEVICE_LEVEL, REGION]
22:10:01.178 [restartedMain] INFO  o.q.i.StdSchedulerFactory - [instantiate,1220] - Using default implementation for ThreadExecutor
22:10:01.179 [restartedMain] INFO  o.q.c.SchedulerSignalerImpl - [<init>,61] - Initialized Scheduler Signaller of type: class org.quartz.core.SchedulerSignalerImpl
22:10:01.179 [restartedMain] INFO  o.q.c.QuartzScheduler - [<init>,229] - Quartz Scheduler v.2.3.2 created.
22:10:01.179 [restartedMain] INFO  o.q.s.RAMJobStore - [initialize,155] - RAMJobStore initialized.
22:10:01.179 [restartedMain] INFO  o.q.c.QuartzScheduler - [initialize,294] - Scheduler meta-data: Quartz Scheduler (v2.3.2) 'quartzScheduler' with instanceId 'NON_CLUSTERED'
  Scheduler class: 'org.quartz.core.QuartzScheduler' - running locally.
  NOT STARTED.
  Currently in standby mode.
  Number of jobs executed: 0
  Using thread pool 'org.quartz.simpl.SimpleThreadPool' - with 10 threads.
  Using job-store 'org.quartz.simpl.RAMJobStore' - which does not support persistence. and is not clustered.

22:10:01.179 [restartedMain] INFO  o.q.i.StdSchedulerFactory - [instantiate,1374] - Quartz scheduler 'quartzScheduler' initialized from an externally provided properties instance.
22:10:01.179 [restartedMain] INFO  o.q.i.StdSchedulerFactory - [instantiate,1378] - Quartz scheduler version: 2.3.2
22:10:01.179 [restartedMain] INFO  o.q.c.QuartzScheduler - [setJobFactory,2293] - JobFactory set to: org.springframework.scheduling.quartz.SpringBeanJobFactory@1aece39e
22:10:01.821 [restartedMain] INFO  o.a.c.h.Http11NioProtocol - [log,173] - Starting ProtocolHandler ["http-nio-18080"]
22:10:02.713 [restartedMain] INFO  o.q.c.QuartzScheduler - [start,547] - Scheduler quartzScheduler_$_NON_CLUSTERED started.
22:10:02.726 [restartedMain] INFO  c.n.a.RuoYiApplication - [logStarted,61] - Started RuoYiApplication in 4.633 seconds (JVM running for 795.267)
22:11:01.569 [Thread-15] INFO  o.q.c.QuartzScheduler - [standby,585] - Scheduler quartzScheduler_$_NON_CLUSTERED paused.
22:11:02.008 [Thread-15] INFO  o.q.c.QuartzScheduler - [shutdown,666] - Scheduler quartzScheduler_$_NON_CLUSTERED shutting down.
22:11:02.008 [Thread-15] INFO  o.q.c.QuartzScheduler - [standby,585] - Scheduler quartzScheduler_$_NON_CLUSTERED paused.
22:11:02.008 [Thread-15] INFO  o.q.c.QuartzScheduler - [shutdown,740] - Scheduler quartzScheduler_$_NON_CLUSTERED shutdown complete.
22:11:02.008 [Thread-15] INFO  sys-user - [shutdownAsyncManager,31] - ====关闭后台任务任务线程池====
22:11:02.051 [Thread-15] INFO  c.a.d.p.DruidDataSource - [close,2204] - {dataSource-4} closing ...
22:11:02.056 [Thread-15] INFO  c.a.d.p.DruidDataSource - [close,2277] - {dataSource-4} closed
22:11:02.320 [restartedMain] INFO  c.n.a.RuoYiApplication - [logStarting,55] - Starting RuoYiApplication using Java 11.0.16 on 192.168.1.133 with PID 15277 (/Users/shuaipi/CLionProjects/web_server/web-server/niuma-admin/target/classes started by shuaipi in /Users/shuaipi/CLionProjects/web_server/web-server)
22:11:02.320 [restartedMain] INFO  c.n.a.RuoYiApplication - [logStartupProfileInfo,686] - The following 1 profile is active: "druid"
22:11:02.685 [restartedMain] INFO  o.a.c.h.Http11NioProtocol - [log,173] - Initializing ProtocolHandler ["http-nio-18080"]
22:11:02.685 [restartedMain] INFO  o.a.c.c.StandardService - [log,173] - Starting service [Tomcat]
22:11:02.685 [restartedMain] INFO  o.a.c.c.StandardEngine - [log,173] - Starting Servlet engine: [Apache Tomcat/9.0.75]
22:11:02.690 [restartedMain] INFO  o.a.c.c.C.[.[.[/] - [log,173] - Initializing Spring embedded WebApplicationContext
22:11:03.085 [restartedMain] INFO  c.a.d.p.DruidDataSource - [init,1002] - {dataSource-5} inited
22:11:04.839 [restartedMain] INFO  c.n.a.s.i.RiskServiceImpl - [initRuleConfigFromRedis,105] - [风控] 规则配置已从Redis加载
22:11:05.386 [restartedMain] INFO  c.n.a.g.GrayReleaseService - [init,63] - [灰度] 初始化完成, 注册策略: [CHANNEL, PERCENT, USER_LIST, DEVICE_LEVEL, REGION]
22:11:05.401 [restartedMain] INFO  o.q.i.StdSchedulerFactory - [instantiate,1220] - Using default implementation for ThreadExecutor
22:11:05.402 [restartedMain] INFO  o.q.c.SchedulerSignalerImpl - [<init>,61] - Initialized Scheduler Signaller of type: class org.quartz.core.SchedulerSignalerImpl
22:11:05.402 [restartedMain] INFO  o.q.c.QuartzScheduler - [<init>,229] - Quartz Scheduler v.2.3.2 created.
22:11:05.402 [restartedMain] INFO  o.q.s.RAMJobStore - [initialize,155] - RAMJobStore initialized.
22:11:05.402 [restartedMain] INFO  o.q.c.QuartzScheduler - [initialize,294] - Scheduler meta-data: Quartz Scheduler (v2.3.2) 'quartzScheduler' with instanceId 'NON_CLUSTERED'
  Scheduler class: 'org.quartz.core.QuartzScheduler' - running locally.
  NOT STARTED.
  Currently in standby mode.
  Number of jobs executed: 0
  Using thread pool 'org.quartz.simpl.SimpleThreadPool' - with 10 threads.
  Using job-store 'org.quartz.simpl.RAMJobStore' - which does not support persistence. and is not clustered.

22:11:05.402 [restartedMain] INFO  o.q.i.StdSchedulerFactory - [instantiate,1374] - Quartz scheduler 'quartzScheduler' initialized from an externally provided properties instance.
22:11:05.402 [restartedMain] INFO  o.q.i.StdSchedulerFactory - [instantiate,1378] - Quartz scheduler version: 2.3.2
22:11:05.402 [restartedMain] INFO  o.q.c.QuartzScheduler - [setJobFactory,2293] - JobFactory set to: org.springframework.scheduling.quartz.SpringBeanJobFactory@3f6f8111
22:11:06.047 [restartedMain] INFO  o.a.c.h.Http11NioProtocol - [log,173] - Starting ProtocolHandler ["http-nio-18080"]
22:11:07.011 [restartedMain] INFO  o.q.c.QuartzScheduler - [start,547] - Scheduler quartzScheduler_$_NON_CLUSTERED started.
22:11:07.023 [restartedMain] INFO  c.n.a.RuoYiApplication - [logStarted,61] - Started RuoYiApplication in 4.729 seconds (JVM running for 859.564)
22:11:07.594 [Thread-19] INFO  o.q.c.QuartzScheduler - [standby,585] - Scheduler quartzScheduler_$_NON_CLUSTERED paused.
22:11:08.067 [Thread-19] INFO  o.q.c.QuartzScheduler - [shutdown,666] - Scheduler quartzScheduler_$_NON_CLUSTERED shutting down.
22:11:08.067 [Thread-19] INFO  o.q.c.QuartzScheduler - [standby,585] - Scheduler quartzScheduler_$_NON_CLUSTERED paused.
22:11:08.067 [Thread-19] INFO  o.q.c.QuartzScheduler - [shutdown,740] - Scheduler quartzScheduler_$_NON_CLUSTERED shutdown complete.
22:11:08.067 [Thread-19] INFO  sys-user - [shutdownAsyncManager,31] - ====关闭后台任务任务线程池====
22:11:08.111 [Thread-19] INFO  c.a.d.p.DruidDataSource - [close,2204] - {dataSource-5} closing ...
22:11:08.116 [Thread-19] INFO  c.a.d.p.DruidDataSource - [close,2277] - {dataSource-5} closed
22:11:08.346 [restartedMain] INFO  c.n.a.RuoYiApplication - [logStarting,55] - Starting RuoYiApplication using Java 11.0.16 on 192.168.1.133 with PID 15277 (/Users/shuaipi/CLionProjects/web_server/web-server/niuma-admin/target/classes started by shuaipi in /Users/shuaipi/CLionProjects/web_server/web-server)
22:11:08.346 [restartedMain] INFO  c.n.a.RuoYiApplication - [logStartupProfileInfo,686] - The following 1 profile is active: "druid"
22:11:08.710 [restartedMain] INFO  o.a.c.h.Http11NioProtocol - [log,173] - Initializing ProtocolHandler ["http-nio-18080"]
22:11:08.710 [restartedMain] INFO  o.a.c.c.StandardService - [log,173] - Starting service [Tomcat]
22:11:08.711 [restartedMain] INFO  o.a.c.c.StandardEngine - [log,173] - Starting Servlet engine: [Apache Tomcat/9.0.75]
22:11:08.718 [restartedMain] INFO  o.a.c.c.C.[.[.[/] - [log,173] - Initializing Spring embedded WebApplicationContext
22:11:09.143 [restartedMain] INFO  c.a.d.p.DruidDataSource - [init,1002] - {dataSource-6} inited
22:11:10.888 [restartedMain] INFO  c.n.a.s.i.RiskServiceImpl - [initRuleConfigFromRedis,105] - [风控] 规则配置已从Redis加载
22:11:11.453 [restartedMain] INFO  c.n.a.g.GrayReleaseService - [init,63] - [灰度] 初始化完成, 注册策略: [CHANNEL, PERCENT, USER_LIST, DEVICE_LEVEL, REGION]
22:11:11.469 [restartedMain] INFO  o.q.i.StdSchedulerFactory - [instantiate,1220] - Using default implementation for ThreadExecutor
22:11:11.469 [restartedMain] INFO  o.q.c.SchedulerSignalerImpl - [<init>,61] - Initialized Scheduler Signaller of type: class org.quartz.core.SchedulerSignalerImpl
22:11:11.469 [restartedMain] INFO  o.q.c.QuartzScheduler - [<init>,229] - Quartz Scheduler v.2.3.2 created.
22:11:11.469 [restartedMain] INFO  o.q.s.RAMJobStore - [initialize,155] - RAMJobStore initialized.
22:11:11.470 [restartedMain] INFO  o.q.c.QuartzScheduler - [initialize,294] - Scheduler meta-data: Quartz Scheduler (v2.3.2) 'quartzScheduler' with instanceId 'NON_CLUSTERED'
  Scheduler class: 'org.quartz.core.QuartzScheduler' - running locally.
  NOT STARTED.
  Currently in standby mode.
  Number of jobs executed: 0
  Using thread pool 'org.quartz.simpl.SimpleThreadPool' - with 10 threads.
  Using job-store 'org.quartz.simpl.RAMJobStore' - which does not support persistence. and is not clustered.

22:11:11.470 [restartedMain] INFO  o.q.i.StdSchedulerFactory - [instantiate,1374] - Quartz scheduler 'quartzScheduler' initialized from an externally provided properties instance.
22:11:11.470 [restartedMain] INFO  o.q.i.StdSchedulerFactory - [instantiate,1378] - Quartz scheduler version: 2.3.2
22:11:11.470 [restartedMain] INFO  o.q.c.QuartzScheduler - [setJobFactory,2293] - JobFactory set to: org.springframework.scheduling.quartz.SpringBeanJobFactory@624509eb
22:11:12.094 [restartedMain] INFO  o.a.c.h.Http11NioProtocol - [log,173] - Starting ProtocolHandler ["http-nio-18080"]
22:11:12.989 [restartedMain] INFO  o.q.c.QuartzScheduler - [start,547] - Scheduler quartzScheduler_$_NON_CLUSTERED started.
22:11:13.000 [restartedMain] INFO  c.n.a.RuoYiApplication - [logStarted,61] - Started RuoYiApplication in 4.669 seconds (JVM running for 865.54)
22:12:12.381 [SpringApplicationShutdownHook] INFO  o.q.c.QuartzScheduler - [standby,585] - Scheduler quartzScheduler_$_NON_CLUSTERED paused.
22:12:17.568 [restartedMain] INFO  c.n.a.RuoYiApplication - [logStarting,55] - Starting RuoYiApplication using Java 11.0.16 on 192.168.1.133 with PID 37632 (/Users/shuaipi/CLionProjects/web_server/web-server/niuma-admin/target/classes started by shuaipi in /Users/shuaipi/CLionProjects/web_server/web-server)
22:12:17.570 [restartedMain] INFO  c.n.a.RuoYiApplication - [logStartupProfileInfo,686] - The following 1 profile is active: "druid"
22:12:17.575 [background-preinit] INFO  o.h.v.i.util.Version - [<clinit>,21] - HV000001: Hibernate Validator 6.2.5.Final
22:12:18.599 [restartedMain] INFO  o.a.c.h.Http11NioProtocol - [log,173] - Initializing ProtocolHandler ["http-nio-18080"]
22:12:18.599 [restartedMain] INFO  o.a.c.c.StandardService - [log,173] - Starting service [Tomcat]
22:12:18.599 [restartedMain] INFO  o.a.c.c.StandardEngine - [log,173] - Starting Servlet engine: [Apache Tomcat/9.0.75]
22:12:18.623 [restartedMain] INFO  o.a.c.c.C.[.[.[/] - [log,173] - Initializing Spring embedded WebApplicationContext
22:12:19.266 [restartedMain] INFO  c.a.d.p.DruidDataSource - [init,1002] - {dataSource-1} inited
22:12:23.096 [restartedMain] INFO  c.n.a.s.i.RiskServiceImpl - [initRuleConfigFromRedis,105] - [风控] 规则配置已从Redis加载
22:12:23.725 [restartedMain] INFO  c.n.a.g.GrayReleaseService - [init,63] - [灰度] 初始化完成, 注册策略: [CHANNEL, PERCENT, USER_LIST, DEVICE_LEVEL, REGION]
22:12:23.771 [restartedMain] INFO  o.q.i.StdSchedulerFactory - [instantiate,1220] - Using default implementation for ThreadExecutor
22:12:23.777 [restartedMain] INFO  o.q.c.SchedulerSignalerImpl - [<init>,61] - Initialized Scheduler Signaller of type: class org.quartz.core.SchedulerSignalerImpl
22:12:23.778 [restartedMain] INFO  o.q.c.QuartzScheduler - [<init>,229] - Quartz Scheduler v.2.3.2 created.
22:12:23.778 [restartedMain] INFO  o.q.s.RAMJobStore - [initialize,155] - RAMJobStore initialized.
22:12:23.778 [restartedMain] INFO  o.q.c.QuartzScheduler - [initialize,294] - Scheduler meta-data: Quartz Scheduler (v2.3.2) 'quartzScheduler' with instanceId 'NON_CLUSTERED'
  Scheduler class: 'org.quartz.core.QuartzScheduler' - running locally.
  NOT STARTED.
  Currently in standby mode.
  Number of jobs executed: 0
  Using thread pool 'org.quartz.simpl.SimpleThreadPool' - with 10 threads.
  Using job-store 'org.quartz.simpl.RAMJobStore' - which does not support persistence. and is not clustered.

22:12:23.778 [restartedMain] INFO  o.q.i.StdSchedulerFactory - [instantiate,1374] - Quartz scheduler 'quartzScheduler' initialized from an externally provided properties instance.
22:12:23.778 [restartedMain] INFO  o.q.i.StdSchedulerFactory - [instantiate,1378] - Quartz scheduler version: 2.3.2
22:12:23.778 [restartedMain] INFO  o.q.c.QuartzScheduler - [setJobFactory,2293] - JobFactory set to: org.springframework.scheduling.quartz.SpringBeanJobFactory@26d581a5
22:12:25.005 [restartedMain] INFO  o.a.c.h.Http11NioProtocol - [log,173] - Starting ProtocolHandler ["http-nio-18080"]
22:12:30.742 [restartedMain] INFO  o.q.c.QuartzScheduler - [start,547] - Scheduler quartzScheduler_$_NON_CLUSTERED started.
22:12:30.762 [restartedMain] INFO  c.n.a.RuoYiApplication - [logStarted,61] - Started RuoYiApplication in 13.369 seconds (JVM running for 13.771)
22:16:17.725 [http-nio-18080-exec-1] INFO  o.a.c.c.C.[.[.[/] - [log,173] - Initializing Spring DispatcherServlet 'dispatcherServlet'
22:17:48.541 [restartedMain] INFO  c.n.a.RuoYiApplication - [logStarting,55] - Starting RuoYiApplication using Java 11.0.16 on 192.168.1.133 with PID 42257 (/Users/shuaipi/CLionProjects/web_server/web-server/niuma-admin/target/classes started by shuaipi in /Users/shuaipi/CLionProjects/web_server/web-server)
22:17:48.542 [restartedMain] INFO  c.n.a.RuoYiApplication - [logStartupProfileInfo,686] - The following 1 profile is active: "druid"
22:17:48.544 [background-preinit] INFO  o.h.v.i.util.Version - [<clinit>,21] - HV000001: Hibernate Validator 6.2.5.Final
22:17:49.404 [restartedMain] INFO  o.a.c.h.Http11NioProtocol - [log,173] - Initializing ProtocolHandler ["http-nio-18080"]
22:17:49.404 [restartedMain] INFO  o.a.c.c.StandardService - [log,173] - Starting service [Tomcat]
22:17:49.404 [restartedMain] INFO  o.a.c.c.StandardEngine - [log,173] - Starting Servlet engine: [Apache Tomcat/9.0.75]
22:17:49.428 [restartedMain] INFO  o.a.c.c.C.[.[.[/] - [log,173] - Initializing Spring embedded WebApplicationContext
22:17:50.098 [restartedMain] INFO  c.a.d.p.DruidDataSource - [init,1002] - {dataSource-1} inited
22:17:52.265 [restartedMain] INFO  c.n.a.s.i.RiskServiceImpl - [initRuleConfigFromRedis,105] - [风控] 规则配置已从Redis加载
22:17:52.820 [restartedMain] INFO  c.n.a.g.GrayReleaseService - [init,63] - [灰度] 初始化完成, 注册策略: [CHANNEL, PERCENT, USER_LIST, DEVICE_LEVEL, REGION]
22:17:52.850 [restartedMain] INFO  o.q.i.StdSchedulerFactory - [instantiate,1220] - Using default implementation for ThreadExecutor
22:17:52.853 [restartedMain] INFO  o.q.c.SchedulerSignalerImpl - [<init>,61] - Initialized Scheduler Signaller of type: class org.quartz.core.SchedulerSignalerImpl
22:17:52.853 [restartedMain] INFO  o.q.c.QuartzScheduler - [<init>,229] - Quartz Scheduler v.2.3.2 created.
22:17:52.853 [restartedMain] INFO  o.q.s.RAMJobStore - [initialize,155] - RAMJobStore initialized.
22:17:52.854 [restartedMain] INFO  o.q.c.QuartzScheduler - [initialize,294] - Scheduler meta-data: Quartz Scheduler (v2.3.2) 'quartzScheduler' with instanceId 'NON_CLUSTERED'
  Scheduler class: 'org.quartz.core.QuartzScheduler' - running locally.
  NOT STARTED.
  Currently in standby mode.
  Number of jobs executed: 0
  Using thread pool 'org.quartz.simpl.SimpleThreadPool' - with 10 threads.
  Using job-store 'org.quartz.simpl.RAMJobStore' - which does not support persistence. and is not clustered.

22:17:52.854 [restartedMain] INFO  o.q.i.StdSchedulerFactory - [instantiate,1374] - Quartz scheduler 'quartzScheduler' initialized from an externally provided properties instance.
22:17:52.854 [restartedMain] INFO  o.q.i.StdSchedulerFactory - [instantiate,1378] - Quartz scheduler version: 2.3.2
22:17:52.854 [restartedMain] INFO  o.q.c.QuartzScheduler - [setJobFactory,2293] - JobFactory set to: org.springframework.scheduling.quartz.SpringBeanJobFactory@6e73bd2d
22:17:53.715 [restartedMain] INFO  o.a.c.h.Http11NioProtocol - [log,173] - Starting ProtocolHandler ["http-nio-18080"]
22:18:02.811 [restartedMain] INFO  o.q.c.QuartzScheduler - [start,547] - Scheduler quartzScheduler_$_NON_CLUSTERED started.
22:18:02.830 [restartedMain] INFO  c.n.a.RuoYiApplication - [logStarted,61] - Started RuoYiApplication in 14.428 seconds (JVM running for 14.78)
22:18:15.164 [http-nio-18080-exec-1] INFO  o.a.c.c.C.[.[.[/] - [log,173] - Initializing Spring DispatcherServlet 'dispatcherServlet'
22:18:27.901 [schedule-pool-17] INFO  c.n.a.f.PlayerAsyncFactory - [run,46] - [ejE3bv3Non][pipipi][127.0.0.1]内网IP
22:18:27.929 [http-nio-18080-exec-2] INFO  c.n.a.a.OperLogAspect - [logOper,93] - [操作日志] {costMs=361, method=login, ip=-, params=[PlayerLoginDTO@588025068], user=anonymous, class=PlayerController, status=SUCCESS}
22:18:57.812 [http-nio-18080-exec-5] INFO  c.n.a.a.OperLogAspect - [logOper,93] - [操作日志] {costMs=21, method=bindingPage, ip=-, params=[AgencyBindingQueryDTO@753735891], user=admin, class=AdminAgencyController, status=SUCCESS}
22:18:58.656 [http-nio-18080-exec-6] INFO  c.n.a.a.OperLogAspect - [logOper,93] - [操作日志] {costMs=25, method=page, ip=-, params=[AgencyPageQueryDTO@574623478], user=admin, class=AdminAgencyController, status=SUCCESS}
22:19:08.623 [http-nio-18080-exec-7] INFO  c.n.a.a.OperLogAspect - [logOper,93] - [操作日志] {costMs=23, method=bindingPage, ip=-, params=[AgencyBindingQueryDTO@1228518509], user=admin, class=AdminAgencyController, status=SUCCESS}
22:19:17.283 [http-nio-18080-exec-8] INFO  c.n.a.a.OperLogAspect - [logOper,93] - [操作日志] {costMs=116, method=getPlayer, ip=-, params=[PlayerReqDTO@1519104320], user=admin, class=AdminController, status=SUCCESS}
22:19:56.064 [http-nio-18080-exec-16] INFO  c.n.a.a.OperLogAspect - [logOper,93] - [操作日志] {costMs=141, method=adjust, ip=-, params=[WalletAdjustDTO@1673896698], user=admin, class=AdminWalletController, status=SUCCESS}
22:19:56.183 [http-nio-18080-exec-17] INFO  c.n.a.a.OperLogAspect - [logOper,93] - [操作日志] {costMs=69, method=getPlayer, ip=-, params=[PlayerReqDTO@1401998541], user=admin, class=AdminController, status=SUCCESS}
22:28:15.080 [http-nio-18080-exec-49] INFO  c.n.a.a.OperLogAspect - [logOper,93] - [操作日志] {costMs=26, method=page, ip=-, params=[AgencyPageQueryDTO@381103534], user=admin, class=AdminAgencyController, status=SUCCESS}
22:28:22.779 [http-nio-18080-exec-53] INFO  c.n.a.a.OperLogAspect - [logOper,93] - [操作日志] {costMs=11, method=page, ip=-, params=[AgencyPageQueryDTO@1763941884], user=admin, class=AdminAgencyController, status=SUCCESS}
22:29:00.270 [Thread-4] INFO  o.q.c.QuartzScheduler - [standby,585] - Scheduler quartzScheduler_$_NON_CLUSTERED paused.
22:29:01.862 [Thread-4] INFO  o.q.c.QuartzScheduler - [shutdown,666] - Scheduler quartzScheduler_$_NON_CLUSTERED shutting down.
22:29:01.863 [Thread-4] INFO  o.q.c.QuartzScheduler - [standby,585] - Scheduler quartzScheduler_$_NON_CLUSTERED paused.
22:29:01.863 [Thread-4] INFO  o.q.c.QuartzScheduler - [shutdown,740] - Scheduler quartzScheduler_$_NON_CLUSTERED shutdown complete.
22:29:01.863 [Thread-4] INFO  sys-user - [shutdownAsyncManager,31] - ====关闭后台任务任务线程池====
22:29:02.157 [Thread-4] INFO  c.a.d.p.DruidDataSource - [close,2204] - {dataSource-1} closing ...
22:29:02.182 [Thread-4] INFO  c.a.d.p.DruidDataSource - [close,2277] - {dataSource-1} closed
22:29:02.431 [restartedMain] INFO  c.n.a.RuoYiApplication - [logStarting,55] - Starting RuoYiApplication using Java 11.0.16 on 192.168.1.133 with PID 42257 (/Users/shuaipi/CLionProjects/web_server/web-server/niuma-admin/target/classes started by shuaipi in /Users/shuaipi/CLionProjects/web_server/web-server)
22:29:02.431 [restartedMain] INFO  c.n.a.RuoYiApplication - [logStartupProfileInfo,686] - The following 1 profile is active: "druid"
22:29:03.151 [restartedMain] INFO  o.a.c.h.Http11NioProtocol - [log,173] - Initializing ProtocolHandler ["http-nio-18080"]
22:29:03.151 [restartedMain] INFO  o.a.c.c.StandardService - [log,173] - Starting service [Tomcat]
22:29:03.151 [restartedMain] INFO  o.a.c.c.StandardEngine - [log,173] - Starting Servlet engine: [Apache Tomcat/9.0.75]
22:29:03.158 [restartedMain] INFO  o.a.c.c.C.[.[.[/] - [log,173] - Initializing Spring embedded WebApplicationContext
22:29:03.313 [restartedMain] INFO  o.a.c.c.StandardService - [log,173] - Stopping service [Tomcat]
22:29:04.830 [restartedMain] INFO  c.n.a.RuoYiApplication - [logStarting,55] - Starting RuoYiApplication using Java 11.0.16 on 192.168.1.133 with PID 42257 (/Users/shuaipi/CLionProjects/web_server/web-server/niuma-admin/target/classes started by shuaipi in /Users/shuaipi/CLionProjects/web_server/web-server)
22:29:04.830 [restartedMain] INFO  c.n.a.RuoYiApplication - [logStartupProfileInfo,686] - The following 1 profile is active: "druid"
22:29:05.171 [restartedMain] INFO  o.a.c.h.Http11NioProtocol - [log,173] - Initializing ProtocolHandler ["http-nio-18080"]
22:29:05.171 [restartedMain] INFO  o.a.c.c.StandardService - [log,173] - Starting service [Tomcat]
22:29:05.171 [restartedMain] INFO  o.a.c.c.StandardEngine - [log,173] - Starting Servlet engine: [Apache Tomcat/9.0.75]
22:29:05.175 [restartedMain] INFO  o.a.c.c.C.[.[.[/] - [log,173] - Initializing Spring embedded WebApplicationContext
22:29:05.816 [restartedMain] INFO  c.a.d.p.DruidDataSource - [init,1002] - {dataSource-2} inited
22:29:07.720 [restartedMain] INFO  c.n.a.s.i.RiskServiceImpl - [initRuleConfigFromRedis,105] - [风控] 规则配置已从Redis加载
22:29:08.255 [restartedMain] INFO  c.n.a.g.GrayReleaseService - [init,63] - [灰度] 初始化完成, 注册策略: [CHANNEL, PERCENT, USER_LIST, DEVICE_LEVEL, REGION]
22:29:08.272 [restartedMain] INFO  o.q.i.StdSchedulerFactory - [instantiate,1220] - Using default implementation for ThreadExecutor
22:29:08.273 [restartedMain] INFO  o.q.c.SchedulerSignalerImpl - [<init>,61] - Initialized Scheduler Signaller of type: class org.quartz.core.SchedulerSignalerImpl
22:29:08.273 [restartedMain] INFO  o.q.c.QuartzScheduler - [<init>,229] - Quartz Scheduler v.2.3.2 created.
22:29:08.273 [restartedMain] INFO  o.q.s.RAMJobStore - [initialize,155] - RAMJobStore initialized.
22:29:08.273 [restartedMain] INFO  o.q.c.QuartzScheduler - [initialize,294] - Scheduler meta-data: Quartz Scheduler (v2.3.2) 'quartzScheduler' with instanceId 'NON_CLUSTERED'
  Scheduler class: 'org.quartz.core.QuartzScheduler' - running locally.
  NOT STARTED.
  Currently in standby mode.
  Number of jobs executed: 0
  Using thread pool 'org.quartz.simpl.SimpleThreadPool' - with 10 threads.
  Using job-store 'org.quartz.simpl.RAMJobStore' - which does not support persistence. and is not clustered.

22:29:08.273 [restartedMain] INFO  o.q.i.StdSchedulerFactory - [instantiate,1374] - Quartz scheduler 'quartzScheduler' initialized from an externally provided properties instance.
22:29:08.273 [restartedMain] INFO  o.q.i.StdSchedulerFactory - [instantiate,1378] - Quartz scheduler version: 2.3.2
22:29:08.273 [restartedMain] INFO  o.q.c.QuartzScheduler - [setJobFactory,2293] - JobFactory set to: org.springframework.scheduling.quartz.SpringBeanJobFactory@63a18bb2
22:29:08.920 [restartedMain] INFO  o.a.c.h.Http11NioProtocol - [log,173] - Starting ProtocolHandler ["http-nio-18080"]
22:29:18.069 [restartedMain] INFO  o.q.c.QuartzScheduler - [start,547] - Scheduler quartzScheduler_$_NON_CLUSTERED started.
22:29:18.081 [restartedMain] INFO  c.n.a.RuoYiApplication - [logStarted,61] - Started RuoYiApplication in 13.279 seconds (JVM running for 690.091)
22:48:56.317 [Thread-7] INFO  o.q.c.QuartzScheduler - [standby,585] - Scheduler quartzScheduler_$_NON_CLUSTERED paused.
22:48:57.575 [Thread-7] INFO  o.q.c.QuartzScheduler - [shutdown,666] - Scheduler quartzScheduler_$_NON_CLUSTERED shutting down.
22:48:57.576 [Thread-7] INFO  o.q.c.QuartzScheduler - [standby,585] - Scheduler quartzScheduler_$_NON_CLUSTERED paused.
22:48:57.576 [Thread-7] INFO  o.q.c.QuartzScheduler - [shutdown,740] - Scheduler quartzScheduler_$_NON_CLUSTERED shutdown complete.
22:48:57.576 [Thread-7] INFO  sys-user - [shutdownAsyncManager,31] - ====关闭后台任务任务线程池====
22:48:57.801 [Thread-7] INFO  c.a.d.p.DruidDataSource - [close,2204] - {dataSource-2} closing ...
22:48:57.801 [Thread-7] INFO  c.a.d.p.DruidDataSource - [close,2277] - {dataSource-2} closed
22:48:58.083 [restartedMain] INFO  c.n.a.RuoYiApplication - [logStarting,55] - Starting RuoYiApplication using Java 11.0.16 on 192.168.1.133 with PID 42257 (/Users/shuaipi/CLionProjects/web_server/web-server/niuma-admin/target/classes started by shuaipi in /Users/shuaipi/CLionProjects/web_server/web-server)
22:48:58.083 [restartedMain] INFO  c.n.a.RuoYiApplication - [logStartupProfileInfo,686] - The following 1 profile is active: "druid"
22:48:58.743 [restartedMain] INFO  o.a.c.h.Http11NioProtocol - [log,173] - Initializing ProtocolHandler ["http-nio-18080"]
22:48:58.743 [restartedMain] INFO  o.a.c.c.StandardService - [log,173] - Starting service [Tomcat]
22:48:58.743 [restartedMain] INFO  o.a.c.c.StandardEngine - [log,173] - Starting Servlet engine: [Apache Tomcat/9.0.75]
22:48:58.753 [restartedMain] INFO  o.a.c.c.C.[.[.[/] - [log,173] - Initializing Spring embedded WebApplicationContext
22:48:59.317 [restartedMain] INFO  c.a.d.p.DruidDataSource - [init,1002] - {dataSource-3} inited
22:49:01.439 [restartedMain] INFO  c.n.a.s.i.RiskServiceImpl - [initRuleConfigFromRedis,105] - [风控] 规则配置已从Redis加载
22:49:01.978 [restartedMain] INFO  c.n.a.g.GrayReleaseService - [init,63] - [灰度] 初始化完成, 注册策略: [CHANNEL, PERCENT, USER_LIST, DEVICE_LEVEL, REGION]
22:49:01.998 [restartedMain] INFO  o.q.i.StdSchedulerFactory - [instantiate,1220] - Using default implementation for ThreadExecutor
22:49:01.998 [restartedMain] INFO  o.q.c.SchedulerSignalerImpl - [<init>,61] - Initialized Scheduler Signaller of type: class org.quartz.core.SchedulerSignalerImpl
22:49:01.998 [restartedMain] INFO  o.q.c.QuartzScheduler - [<init>,229] - Quartz Scheduler v.2.3.2 created.
22:49:01.998 [restartedMain] INFO  o.q.s.RAMJobStore - [initialize,155] - RAMJobStore initialized.
22:49:01.998 [restartedMain] INFO  o.q.c.QuartzScheduler - [initialize,294] - Scheduler meta-data: Quartz Scheduler (v2.3.2) 'quartzScheduler' with instanceId 'NON_CLUSTERED'
  Scheduler class: 'org.quartz.core.QuartzScheduler' - running locally.
  NOT STARTED.
  Currently in standby mode.
  Number of jobs executed: 0
  Using thread pool 'org.quartz.simpl.SimpleThreadPool' - with 10 threads.
  Using job-store 'org.quartz.simpl.RAMJobStore' - which does not support persistence. and is not clustered.

22:49:01.998 [restartedMain] INFO  o.q.i.StdSchedulerFactory - [instantiate,1374] - Quartz scheduler 'quartzScheduler' initialized from an externally provided properties instance.
22:49:01.998 [restartedMain] INFO  o.q.i.StdSchedulerFactory - [instantiate,1378] - Quartz scheduler version: 2.3.2
22:49:01.998 [restartedMain] INFO  o.q.c.QuartzScheduler - [setJobFactory,2293] - JobFactory set to: org.springframework.scheduling.quartz.SpringBeanJobFactory@6bed6973
22:49:02.796 [restartedMain] INFO  o.a.c.h.Http11NioProtocol - [log,173] - Starting ProtocolHandler ["http-nio-18080"]
22:49:12.380 [restartedMain] INFO  o.q.c.QuartzScheduler - [start,547] - Scheduler quartzScheduler_$_NON_CLUSTERED started.
22:49:12.389 [restartedMain] INFO  c.n.a.RuoYiApplication - [logStarted,61] - Started RuoYiApplication in 14.341 seconds (JVM running for 1884.333)
23:19:36.715 [Thread-14] INFO  o.q.c.QuartzScheduler - [standby,585] - Scheduler quartzScheduler_$_NON_CLUSTERED paused.
23:19:38.416 [Thread-14] INFO  o.q.c.QuartzScheduler - [shutdown,666] - Scheduler quartzScheduler_$_NON_CLUSTERED shutting down.
23:19:38.416 [Thread-14] INFO  o.q.c.QuartzScheduler - [standby,585] - Scheduler quartzScheduler_$_NON_CLUSTERED paused.
23:19:38.416 [Thread-14] INFO  o.q.c.QuartzScheduler - [shutdown,740] - Scheduler quartzScheduler_$_NON_CLUSTERED shutdown complete.
23:19:38.416 [Thread-14] INFO  sys-user - [shutdownAsyncManager,31] - ====关闭后台任务任务线程池====
23:19:38.635 [Thread-14] INFO  c.a.d.p.DruidDataSource - [close,2204] - {dataSource-3} closing ...
23:19:38.635 [Thread-14] INFO  c.a.d.p.DruidDataSource - [close,2277] - {dataSource-3} closed
23:19:38.896 [restartedMain] INFO  c.n.a.RuoYiApplication - [logStarting,55] - Starting RuoYiApplication using Java 11.0.16 on 192.168.1.133 with PID 42257 (/Users/shuaipi/CLionProjects/web_server/web-server/niuma-admin/target/classes started by shuaipi in /Users/shuaipi/CLionProjects/web_server/web-server)
23:19:38.897 [restartedMain] INFO  c.n.a.RuoYiApplication - [logStartupProfileInfo,686] - The following 1 profile is active: "druid"
23:19:39.225 [restartedMain] INFO  o.a.c.h.Http11NioProtocol - [log,173] - Initializing ProtocolHandler ["http-nio-18080"]
23:19:39.225 [restartedMain] INFO  o.a.c.c.StandardService - [log,173] - Starting service [Tomcat]
23:19:39.225 [restartedMain] INFO  o.a.c.c.StandardEngine - [log,173] - Starting Servlet engine: [Apache Tomcat/9.0.75]
23:19:39.231 [restartedMain] INFO  o.a.c.c.C.[.[.[/] - [log,173] - Initializing Spring embedded WebApplicationContext
23:19:39.606 [restartedMain] INFO  c.a.d.p.DruidDataSource - [init,1002] - {dataSource-4} inited
23:19:40.848 [restartedMain] INFO  o.q.i.StdSchedulerFactory - [instantiate,1220] - Using default implementation for ThreadExecutor
23:19:40.849 [restartedMain] INFO  o.q.c.SchedulerSignalerImpl - [<init>,61] - Initialized Scheduler Signaller of type: class org.quartz.core.SchedulerSignalerImpl
23:19:40.849 [restartedMain] INFO  o.q.c.QuartzScheduler - [<init>,229] - Quartz Scheduler v.2.3.2 created.
23:19:40.849 [restartedMain] INFO  o.q.s.RAMJobStore - [initialize,155] - RAMJobStore initialized.
23:19:40.849 [restartedMain] INFO  o.q.c.QuartzScheduler - [initialize,294] - Scheduler meta-data: Quartz Scheduler (v2.3.2) 'quartzScheduler' with instanceId 'NON_CLUSTERED'
  Scheduler class: 'org.quartz.core.QuartzScheduler' - running locally.
  NOT STARTED.
  Currently in standby mode.
  Number of jobs executed: 0
  Using thread pool 'org.quartz.simpl.SimpleThreadPool' - with 10 threads.
  Using job-store 'org.quartz.simpl.RAMJobStore' - which does not support persistence. and is not clustered.

23:19:40.849 [restartedMain] INFO  o.q.i.StdSchedulerFactory - [instantiate,1374] - Quartz scheduler 'quartzScheduler' initialized from an externally provided properties instance.
23:19:40.849 [restartedMain] INFO  o.q.i.StdSchedulerFactory - [instantiate,1378] - Quartz scheduler version: 2.3.2
23:19:40.849 [restartedMain] INFO  o.q.c.QuartzScheduler - [setJobFactory,2293] - JobFactory set to: org.springframework.scheduling.quartz.SpringBeanJobFactory@7df7a3aa
23:19:42.249 [restartedMain] INFO  o.a.c.h.Http11NioProtocol - [log,173] - Starting ProtocolHandler ["http-nio-18080"]
23:19:42.289 [restartedMain] INFO  o.q.c.QuartzScheduler - [start,547] - Scheduler quartzScheduler_$_NON_CLUSTERED started.
23:19:42.291 [restartedMain] INFO  c.n.a.RuoYiApplication - [logStarted,61] - Started RuoYiApplication in 3.419 seconds (JVM running for 3714.188)
23:27:20.187 [Thread-18] INFO  o.q.c.QuartzScheduler - [standby,585] - Scheduler quartzScheduler_$_NON_CLUSTERED paused.
23:27:21.213 [Thread-18] INFO  o.q.c.QuartzScheduler - [shutdown,666] - Scheduler quartzScheduler_$_NON_CLUSTERED shutting down.
23:27:21.213 [Thread-18] INFO  o.q.c.QuartzScheduler - [standby,585] - Scheduler quartzScheduler_$_NON_CLUSTERED paused.
23:27:21.213 [Thread-18] INFO  o.q.c.QuartzScheduler - [shutdown,740] - Scheduler quartzScheduler_$_NON_CLUSTERED shutdown complete.
23:27:21.213 [Thread-18] INFO  sys-user - [shutdownAsyncManager,31] - ====关闭后台任务任务线程池====
23:27:21.215 [Thread-18] INFO  c.a.d.p.DruidDataSource - [close,2204] - {dataSource-4} closing ...
23:27:21.221 [Thread-18] INFO  c.a.d.p.DruidDataSource - [close,2277] - {dataSource-4} closed
23:27:21.466 [restartedMain] INFO  c.n.a.RuoYiApplication - [logStarting,55] - Starting RuoYiApplication using Java 11.0.16 on 192.168.1.133 with PID 42257 (/Users/shuaipi/CLionProjects/web_server/web-server/niuma-admin/target/classes started by shuaipi in /Users/shuaipi/CLionProjects/web_server/web-server)
23:27:21.466 [restartedMain] INFO  c.n.a.RuoYiApplication - [logStartupProfileInfo,686] - The following 1 profile is active: "druid"
23:27:21.895 [restartedMain] INFO  o.a.c.h.Http11NioProtocol - [log,173] - Initializing ProtocolHandler ["http-nio-18080"]
23:27:21.895 [restartedMain] INFO  o.a.c.c.StandardService - [log,173] - Starting service [Tomcat]
23:27:21.896 [restartedMain] INFO  o.a.c.c.StandardEngine - [log,173] - Starting Servlet engine: [Apache Tomcat/9.0.75]
23:27:21.901 [restartedMain] INFO  o.a.c.c.C.[.[.[/] - [log,173] - Initializing Spring embedded WebApplicationContext
23:27:21.995 [restartedMain] INFO  o.a.c.c.StandardService - [log,173] - Stopping service [Tomcat]
23:27:23.492 [restartedMain] INFO  c.n.a.RuoYiApplication - [logStarting,55] - Starting RuoYiApplication using Java 11.0.16 on 192.168.1.133 with PID 42257 (/Users/shuaipi/CLionProjects/web_server/web-server/niuma-admin/target/classes started by shuaipi in /Users/shuaipi/CLionProjects/web_server/web-server)
23:27:23.492 [restartedMain] INFO  c.n.a.RuoYiApplication - [logStartupProfileInfo,686] - The following 1 profile is active: "druid"
23:27:23.750 [restartedMain] INFO  o.a.c.h.Http11NioProtocol - [log,173] - Initializing ProtocolHandler ["http-nio-18080"]
23:27:23.750 [restartedMain] INFO  o.a.c.c.StandardService - [log,173] - Starting service [Tomcat]
23:27:23.750 [restartedMain] INFO  o.a.c.c.StandardEngine - [log,173] - Starting Servlet engine: [Apache Tomcat/9.0.75]
23:27:23.755 [restartedMain] INFO  o.a.c.c.C.[.[.[/] - [log,173] - Initializing Spring embedded WebApplicationContext
23:27:24.076 [restartedMain] INFO  c.a.d.p.DruidDataSource - [init,1002] - {dataSource-5} inited
23:27:24.169 [restartedMain] INFO  c.a.d.p.DruidDataSource - [close,2204] - {dataSource-5} closing ...
23:27:24.170 [restartedMain] INFO  c.a.d.p.DruidDataSource - [close,2277] - {dataSource-5} closed
23:27:24.171 [restartedMain] INFO  o.a.c.c.StandardService - [log,173] - Stopping service [Tomcat]
23:27:26.117 [restartedMain] INFO  c.n.a.RuoYiApplication - [logStarting,55] - Starting RuoYiApplication using Java 11.0.16 on 192.168.1.133 with PID 42257 (/Users/shuaipi/CLionProjects/web_server/web-server/niuma-admin/target/classes started by shuaipi in /Users/shuaipi/CLionProjects/web_server/web-server)
23:27:26.117 [restartedMain] INFO  c.n.a.RuoYiApplication - [logStartupProfileInfo,686] - The following 1 profile is active: "druid"
23:27:26.453 [restartedMain] INFO  o.a.c.h.Http11NioProtocol - [log,173] - Initializing ProtocolHandler ["http-nio-18080"]
23:27:26.454 [restartedMain] INFO  o.a.c.c.StandardService - [log,173] - Starting service [Tomcat]
23:27:26.454 [restartedMain] INFO  o.a.c.c.StandardEngine - [log,173] - Starting Servlet engine: [Apache Tomcat/9.0.75]
23:27:26.459 [restartedMain] INFO  o.a.c.c.C.[.[.[/] - [log,173] - Initializing Spring embedded WebApplicationContext
23:27:26.800 [restartedMain] INFO  c.a.d.p.DruidDataSource - [init,1002] - {dataSource-6} inited
23:27:29.602 [restartedMain] INFO  c.n.a.s.i.RiskServiceImpl - [initRuleConfigFromRedis,105] - [风控] 规则配置已从Redis加载
23:27:30.111 [restartedMain] INFO  c.n.a.g.GrayReleaseService - [init,63] - [灰度] 初始化完成, 注册策略: [CHANNEL, PERCENT, USER_LIST, DEVICE_LEVEL, REGION]
23:27:30.129 [restartedMain] INFO  o.q.i.StdSchedulerFactory - [instantiate,1220] - Using default implementation for ThreadExecutor
23:27:30.129 [restartedMain] INFO  o.q.c.SchedulerSignalerImpl - [<init>,61] - Initialized Scheduler Signaller of type: class org.quartz.core.SchedulerSignalerImpl
23:27:30.129 [restartedMain] INFO  o.q.c.QuartzScheduler - [<init>,229] - Quartz Scheduler v.2.3.2 created.
23:27:30.129 [restartedMain] INFO  o.q.s.RAMJobStore - [initialize,155] - RAMJobStore initialized.
23:27:30.130 [restartedMain] INFO  o.q.c.QuartzScheduler - [initialize,294] - Scheduler meta-data: Quartz Scheduler (v2.3.2) 'quartzScheduler' with instanceId 'NON_CLUSTERED'
  Scheduler class: 'org.quartz.core.QuartzScheduler' - running locally.
  NOT STARTED.
  Currently in standby mode.
  Number of jobs executed: 0
  Using thread pool 'org.quartz.simpl.SimpleThreadPool' - with 10 threads.
  Using job-store 'org.quartz.simpl.RAMJobStore' - which does not support persistence. and is not clustered.

23:27:30.130 [restartedMain] INFO  o.q.i.StdSchedulerFactory - [instantiate,1374] - Quartz scheduler 'quartzScheduler' initialized from an externally provided properties instance.
23:27:30.130 [restartedMain] INFO  o.q.i.StdSchedulerFactory - [instantiate,1378] - Quartz scheduler version: 2.3.2
23:27:30.130 [restartedMain] INFO  o.q.c.QuartzScheduler - [setJobFactory,2293] - JobFactory set to: org.springframework.scheduling.quartz.SpringBeanJobFactory@41a6fd0d
23:27:30.814 [restartedMain] INFO  o.a.c.h.Http11NioProtocol - [log,173] - Starting ProtocolHandler ["http-nio-18080"]
23:27:39.004 [restartedMain] INFO  o.q.c.QuartzScheduler - [start,547] - Scheduler quartzScheduler_$_NON_CLUSTERED started.
23:27:39.010 [restartedMain] INFO  c.n.a.RuoYiApplication - [logStarted,61] - Started RuoYiApplication in 12.918 seconds (JVM running for 4190.901)
23:32:52.676 [Thread-22] INFO  o.q.c.QuartzScheduler - [standby,585] - Scheduler quartzScheduler_$_NON_CLUSTERED paused.
23:32:53.937 [Thread-22] INFO  o.q.c.QuartzScheduler - [shutdown,666] - Scheduler quartzScheduler_$_NON_CLUSTERED shutting down.
23:32:53.937 [Thread-22] INFO  o.q.c.QuartzScheduler - [standby,585] - Scheduler quartzScheduler_$_NON_CLUSTERED paused.
23:32:53.937 [Thread-22] INFO  o.q.c.QuartzScheduler - [shutdown,740] - Scheduler quartzScheduler_$_NON_CLUSTERED shutdown complete.
23:32:53.938 [Thread-22] INFO  sys-user - [shutdownAsyncManager,31] - ====关闭后台任务任务线程池====
23:32:54.185 [Thread-22] INFO  c.a.d.p.DruidDataSource - [close,2204] - {dataSource-6} closing ...
23:32:54.211 [Thread-22] INFO  c.a.d.p.DruidDataSource - [close,2277] - {dataSource-6} closed
23:32:54.514 [restartedMain] INFO  c.n.a.RuoYiApplication - [logStarting,55] - Starting RuoYiApplication using Java 11.0.16 on 192.168.1.133 with PID 42257 (/Users/shuaipi/CLionProjects/web_server/web-server/niuma-admin/target/classes started by shuaipi in /Users/shuaipi/CLionProjects/web_server/web-server)
23:32:54.514 [restartedMain] INFO  c.n.a.RuoYiApplication - [logStartupProfileInfo,686] - The following 1 profile is active: "druid"
23:32:54.819 [restartedMain] INFO  o.a.c.h.Http11NioProtocol - [log,173] - Initializing ProtocolHandler ["http-nio-18080"]
23:32:54.819 [restartedMain] INFO  o.a.c.c.StandardService - [log,173] - Starting service [Tomcat]
23:32:54.819 [restartedMain] INFO  o.a.c.c.StandardEngine - [log,173] - Starting Servlet engine: [Apache Tomcat/9.0.75]
23:32:54.824 [restartedMain] INFO  o.a.c.c.C.[.[.[/] - [log,173] - Initializing Spring embedded WebApplicationContext
23:32:55.125 [restartedMain] INFO  c.a.d.p.DruidDataSource - [init,1002] - {dataSource-7} inited
23:32:55.222 [restartedMain] INFO  c.a.d.p.DruidDataSource - [close,2204] - {dataSource-7} closing ...
23:32:55.229 [restartedMain] INFO  c.a.d.p.DruidDataSource - [close,2277] - {dataSource-7} closed
23:32:55.230 [restartedMain] INFO  o.a.c.c.StandardService - [log,173] - Stopping service [Tomcat]
23:32:57.574 [restartedMain] INFO  c.n.a.RuoYiApplication - [logStarting,55] - Starting RuoYiApplication using Java 11.0.16 on 192.168.1.133 with PID 42257 (/Users/shuaipi/CLionProjects/web_server/web-server/niuma-admin/target/classes started by shuaipi in /Users/shuaipi/CLionProjects/web_server/web-server)
23:32:57.574 [restartedMain] INFO  c.n.a.RuoYiApplication - [logStartupProfileInfo,686] - The following 1 profile is active: "druid"
23:32:57.883 [restartedMain] INFO  o.a.c.h.Http11NioProtocol - [log,173] - Initializing ProtocolHandler ["http-nio-18080"]
23:32:57.883 [restartedMain] INFO  o.a.c.c.StandardService - [log,173] - Starting service [Tomcat]
23:32:57.883 [restartedMain] INFO  o.a.c.c.StandardEngine - [log,173] - Starting Servlet engine: [Apache Tomcat/9.0.75]
23:32:57.888 [restartedMain] INFO  o.a.c.c.C.[.[.[/] - [log,173] - Initializing Spring embedded WebApplicationContext
23:32:58.229 [restartedMain] INFO  c.a.d.p.DruidDataSource - [init,1002] - {dataSource-8} inited
23:33:00.123 [restartedMain] INFO  c.n.a.s.i.RiskServiceImpl - [initRuleConfigFromRedis,105] - [风控] 规则配置已从Redis加载
23:33:00.874 [restartedMain] INFO  c.n.a.g.GrayReleaseService - [init,63] - [灰度] 初始化完成, 注册策略: [CHANNEL, PERCENT, USER_LIST, DEVICE_LEVEL, REGION]
23:33:00.890 [restartedMain] INFO  o.q.i.StdSchedulerFactory - [instantiate,1220] - Using default implementation for ThreadExecutor
23:33:00.890 [restartedMain] INFO  o.q.c.SchedulerSignalerImpl - [<init>,61] - Initialized Scheduler Signaller of type: class org.quartz.core.SchedulerSignalerImpl
23:33:00.890 [restartedMain] INFO  o.q.c.QuartzScheduler - [<init>,229] - Quartz Scheduler v.2.3.2 created.
23:33:00.890 [restartedMain] INFO  o.q.s.RAMJobStore - [initialize,155] - RAMJobStore initialized.
23:33:00.890 [restartedMain] INFO  o.q.c.QuartzScheduler - [initialize,294] - Scheduler meta-data: Quartz Scheduler (v2.3.2) 'quartzScheduler' with instanceId 'NON_CLUSTERED'
  Scheduler class: 'org.quartz.core.QuartzScheduler' - running locally.
  NOT STARTED.
  Currently in standby mode.
  Number of jobs executed: 0
  Using thread pool 'org.quartz.simpl.SimpleThreadPool' - with 10 threads.
  Using job-store 'org.quartz.simpl.RAMJobStore' - which does not support persistence. and is not clustered.

23:33:00.890 [restartedMain] INFO  o.q.i.StdSchedulerFactory - [instantiate,1374] - Quartz scheduler 'quartzScheduler' initialized from an externally provided properties instance.
23:33:00.890 [restartedMain] INFO  o.q.i.StdSchedulerFactory - [instantiate,1378] - Quartz scheduler version: 2.3.2
23:33:00.890 [restartedMain] INFO  o.q.c.QuartzScheduler - [setJobFactory,2293] - JobFactory set to: org.springframework.scheduling.quartz.SpringBeanJobFactory@52211a67
23:33:01.553 [restartedMain] INFO  o.a.c.h.Http11NioProtocol - [log,173] - Starting ProtocolHandler ["http-nio-18080"]
23:33:08.557 [restartedMain] INFO  o.q.c.QuartzScheduler - [start,547] - Scheduler quartzScheduler_$_NON_CLUSTERED started.
23:33:08.566 [restartedMain] INFO  c.n.a.RuoYiApplication - [logStarted,61] - Started RuoYiApplication in 11.016 seconds (JVM running for 4520.473)
23:46:08.087 [Thread-32] INFO  o.q.c.QuartzScheduler - [standby,585] - Scheduler quartzScheduler_$_NON_CLUSTERED paused.
23:46:09.358 [Thread-32] INFO  o.q.c.QuartzScheduler - [shutdown,666] - Scheduler quartzScheduler_$_NON_CLUSTERED shutting down.
23:46:09.358 [Thread-32] INFO  o.q.c.QuartzScheduler - [standby,585] - Scheduler quartzScheduler_$_NON_CLUSTERED paused.
23:46:09.359 [Thread-32] INFO  o.q.c.QuartzScheduler - [shutdown,740] - Scheduler quartzScheduler_$_NON_CLUSTERED shutdown complete.
23:46:09.359 [Thread-32] INFO  sys-user - [shutdownAsyncManager,31] - ====关闭后台任务任务线程池====
23:46:09.537 [Thread-32] INFO  c.a.d.p.DruidDataSource - [close,2204] - {dataSource-8} closing ...
23:46:09.542 [Thread-32] INFO  c.a.d.p.DruidDataSource - [close,2277] - {dataSource-8} closed
23:46:09.884 [restartedMain] INFO  c.n.a.RuoYiApplication - [logStarting,55] - Starting RuoYiApplication using Java 11.0.16 on 192.168.1.133 with PID 42257 (/Users/shuaipi/CLionProjects/web_server/web-server/niuma-admin/target/classes started by shuaipi in /Users/shuaipi/CLionProjects/web_server/web-server)
23:46:09.884 [restartedMain] INFO  c.n.a.RuoYiApplication - [logStartupProfileInfo,686] - The following 1 profile is active: "druid"
23:46:10.290 [restartedMain] INFO  o.a.c.h.Http11NioProtocol - [log,173] - Initializing ProtocolHandler ["http-nio-18080"]
23:46:10.290 [restartedMain] INFO  o.a.c.c.StandardService - [log,173] - Starting service [Tomcat]
23:46:10.290 [restartedMain] INFO  o.a.c.c.StandardEngine - [log,173] - Starting Servlet engine: [Apache Tomcat/9.0.75]
23:46:10.296 [restartedMain] INFO  o.a.c.c.C.[.[.[/] - [log,173] - Initializing Spring embedded WebApplicationContext
23:46:10.685 [restartedMain] INFO  c.a.d.p.DruidDataSource - [init,1002] - {dataSource-9} inited
23:46:10.789 [restartedMain] INFO  c.a.d.p.DruidDataSource - [close,2204] - {dataSource-9} closing ...
23:46:10.790 [restartedMain] INFO  c.a.d.p.DruidDataSource - [close,2277] - {dataSource-9} closed
23:46:10.791 [restartedMain] INFO  o.a.c.c.StandardService - [log,173] - Stopping service [Tomcat]
23:46:13.319 [restartedMain] INFO  c.n.a.RuoYiApplication - [logStarting,55] - Starting RuoYiApplication using Java 11.0.16 on 192.168.1.133 with PID 42257 (/Users/shuaipi/CLionProjects/web_server/web-server/niuma-admin/target/classes started by shuaipi in /Users/shuaipi/CLionProjects/web_server/web-server)
23:46:13.319 [restartedMain] INFO  c.n.a.RuoYiApplication - [logStartupProfileInfo,686] - The following 1 profile is active: "druid"
23:46:13.624 [restartedMain] INFO  o.a.c.h.Http11NioProtocol - [log,173] - Initializing ProtocolHandler ["http-nio-18080"]
23:46:13.624 [restartedMain] INFO  o.a.c.c.StandardService - [log,173] - Starting service [Tomcat]
23:46:13.624 [restartedMain] INFO  o.a.c.c.StandardEngine - [log,173] - Starting Servlet engine: [Apache Tomcat/9.0.75]
23:46:13.629 [restartedMain] INFO  o.a.c.c.C.[.[.[/] - [log,173] - Initializing Spring embedded WebApplicationContext
23:46:14.018 [restartedMain] INFO  c.a.d.p.DruidDataSource - [init,1002] - {dataSource-10} inited
23:46:17.670 [restartedMain] INFO  c.n.a.s.i.RiskServiceImpl - [initRuleConfigFromRedis,105] - [风控] 规则配置已从Redis加载
23:46:18.217 [restartedMain] INFO  c.n.a.g.GrayReleaseService - [init,63] - [灰度] 初始化完成, 注册策略: [CHANNEL, PERCENT, USER_LIST, DEVICE_LEVEL, REGION]
23:46:18.244 [restartedMain] INFO  o.q.i.StdSchedulerFactory - [instantiate,1220] - Using default implementation for ThreadExecutor
23:46:18.245 [restartedMain] INFO  o.q.c.SchedulerSignalerImpl - [<init>,61] - Initialized Scheduler Signaller of type: class org.quartz.core.SchedulerSignalerImpl
23:46:18.245 [restartedMain] INFO  o.q.c.QuartzScheduler - [<init>,229] - Quartz Scheduler v.2.3.2 created.
23:46:18.245 [restartedMain] INFO  o.q.s.RAMJobStore - [initialize,155] - RAMJobStore initialized.
23:46:18.245 [restartedMain] INFO  o.q.c.QuartzScheduler - [initialize,294] - Scheduler meta-data: Quartz Scheduler (v2.3.2) 'quartzScheduler' with instanceId 'NON_CLUSTERED'
  Scheduler class: 'org.quartz.core.QuartzScheduler' - running locally.
  NOT STARTED.
  Currently in standby mode.
  Number of jobs executed: 0
  Using thread pool 'org.quartz.simpl.SimpleThreadPool' - with 10 threads.
  Using job-store 'org.quartz.simpl.RAMJobStore' - which does not support persistence. and is not clustered.

23:46:18.245 [restartedMain] INFO  o.q.i.StdSchedulerFactory - [instantiate,1374] - Quartz scheduler 'quartzScheduler' initialized from an externally provided properties instance.
23:46:18.245 [restartedMain] INFO  o.q.i.StdSchedulerFactory - [instantiate,1378] - Quartz scheduler version: 2.3.2
23:46:18.245 [restartedMain] INFO  o.q.c.QuartzScheduler - [setJobFactory,2293] - JobFactory set to: org.springframework.scheduling.quartz.SpringBeanJobFactory@2289b996
23:46:18.967 [restartedMain] INFO  o.a.c.h.Http11NioProtocol - [log,173] - Starting ProtocolHandler ["http-nio-18080"]
23:46:26.977 [restartedMain] INFO  o.q.c.QuartzScheduler - [start,547] - Scheduler quartzScheduler_$_NON_CLUSTERED started.
23:46:26.993 [restartedMain] INFO  c.n.a.RuoYiApplication - [logStarted,61] - Started RuoYiApplication in 13.762 seconds (JVM running for 5318.953)
